[     595ms] [INFO] %cDownload the React DevTools for a better development experience: https://react.dev/link/react-devtools font-weight:bold @ http://localhost:3000/_next/static/chunks/01.s_next_dist_09bvr7k._.js:2431
[     720ms] [LOG] [HMR] connected @ http://localhost:3000/_next/static/chunks/01.s_next_dist_09bvr7k._.js:2431
[     898ms] [ERROR] Failed to load resource: the server responded with a status of 404 (Not Found) @ http://localhost:3000/favicon.ico:0
[    1539ms] [WARNING] [React Flow]: It looks like you've created a new nodeTypes or edgeTypes object. If this wasn't on purpose please define the nodeTypes/edgeTypes outside of the component or memoize them. Help: https://reactflow.dev/error#002 @ http://localhost:3000/_next/static/chunks/01.s_next_dist_09bvr7k._.js:2431
[    1540ms] [WARNING] [React Flow]: It looks like you've created a new nodeTypes or edgeTypes object. If this wasn't on purpose please define the nodeTypes/edgeTypes outside of the component or memoize them. Help: https://reactflow.dev/error#002 @ http://localhost:3000/_next/static/chunks/01.s_next_dist_09bvr7k._.js:2431
[    1713ms] [LOG] [Fast Refresh] rebuilding @ http://localhost:3000/_next/static/chunks/01.s_next_dist_09bvr7k._.js:2431
[    1730ms] [LOG] [Fast Refresh] done in 121ms @ http://localhost:3000/_next/static/chunks/01.s_next_dist_09bvr7k._.js:2431
[    1977ms] [LOG] [Fast Refresh] rebuilding @ http://localhost:3000/_next/static/chunks/01.s_next_dist_09bvr7k._.js:2431
[    1998ms] [LOG] [Fast Refresh] done in 137ms @ http://localhost:3000/_next/static/chunks/01.s_next_dist_09bvr7k._.js:2431
[    2114ms] [LOG] [Fast Refresh] rebuilding @ http://localhost:3000/_next/static/chunks/01.s_next_dist_09bvr7k._.js:2431
[    2168ms] [LOG] [Fast Refresh] done in 169ms @ http://localhost:3000/_next/static/chunks/01.s_next_dist_09bvr7k._.js:2431
[    2584ms] [WARNING] [React Flow]: It looks like you've created a new nodeTypes or edgeTypes object. If this wasn't on purpose please define the nodeTypes/edgeTypes outside of the component or memoize them. Help: https://reactflow.dev/error#002 @ http://localhost:3000/_next/static/chunks/01.s_next_dist_09bvr7k._.js:2431
[    2585ms] [WARNING] [React Flow]: It looks like you've created a new nodeTypes or edgeTypes object. If this wasn't on purpose please define the nodeTypes/edgeTypes outside of the component or memoize them. Help: https://reactflow.dev/error#002 @ http://localhost:3000/_next/static/chunks/01.s_next_dist_09bvr7k._.js:2431
[   21316ms] [LOG] [Fast Refresh] rebuilding @ http://localhost:3000/_next/static/chunks/01.s_next_dist_09bvr7k._.js:2431
[   22726ms] [LOG] [Fast Refresh] done in 1509ms @ http://localhost:3000/_next/static/chunks/01.s_next_dist_09bvr7k._.js:2431
[   22851ms] [LOG] [Fast Refresh] rebuilding @ http://localhost:3000/_next/static/chunks/01.s_next_dist_09bvr7k._.js:2431
[   23839ms] [LOG] [Fast Refresh] done in 1092ms @ http://localhost:3000/_next/static/chunks/01.s_next_dist_09bvr7k._.js:2431
[   23995ms] [LOG] [Fast Refresh] rebuilding @ http://localhost:3000/_next/static/chunks/01.s_next_dist_09bvr7k._.js:2431
[   24180ms] [LOG] [Fast Refresh] done in 286ms @ http://localhost:3000/_next/static/chunks/01.s_next_dist_09bvr7k._.js:2431
[   30764ms] [LOG] [Fast Refresh] rebuilding @ http://localhost:3000/_next/static/chunks/01.s_next_dist_09bvr7k._.js:2431
[   31573ms] [LOG] [Fast Refresh] done in 912ms @ http://localhost:3000/_next/static/chunks/01.s_next_dist_09bvr7k._.js:2431
[   32928ms] [LOG] [Fast Refresh] rebuilding @ http://localhost:3000/_next/static/chunks/01.s_next_dist_09bvr7k._.js:2431
[   34320ms] [LOG] [Fast Refresh] done in 1500ms @ http://localhost:3000/_next/static/chunks/01.s_next_dist_09bvr7k._.js:2431
[   34526ms] [LOG] [Fast Refresh] rebuilding @ http://localhost:3000/_next/static/chunks/01.s_next_dist_09bvr7k._.js:2431
[   34529ms] [LOG] [Fast Refresh] done in 108ms @ http://localhost:3000/_next/static/chunks/01.s_next_dist_09bvr7k._.js:2431
[   34639ms] [LOG] [Fast Refresh] rebuilding @ http://localhost:3000/_next/static/chunks/01.s_next_dist_09bvr7k._.js:2431
[   35841ms] [LOG] [Fast Refresh] done in 1270ms @ http://localhost:3000/_next/static/chunks/01.s_next_dist_09bvr7k._.js:2431
[   35945ms] [LOG] [Fast Refresh] rebuilding @ http://localhost:3000/_next/static/chunks/01.s_next_dist_09bvr7k._.js:2431
[   36613ms] [LOG] [Fast Refresh] done in 768ms @ http://localhost:3000/_next/static/chunks/01.s_next_dist_09bvr7k._.js:2431
[   40747ms] [LOG] [Fast Refresh] rebuilding @ http://localhost:3000/_next/static/chunks/01.s_next_dist_09bvr7k._.js:2431
[   41683ms] [LOG] [Fast Refresh] done in 967ms @ http://localhost:3000/_next/static/chunks/01.s_next_dist_09bvr7k._.js:2431
[   41794ms] [LOG] [Fast Refresh] rebuilding @ http://localhost:3000/_next/static/chunks/01.s_next_dist_09bvr7k._.js:2431
[   42327ms] [LOG] [Fast Refresh] done in 639ms @ http://localhost:3000/_next/static/chunks/01.s_next_dist_09bvr7k._.js:2431
[   42462ms] [LOG] [Fast Refresh] rebuilding @ http://localhost:3000/_next/static/chunks/01.s_next_dist_09bvr7k._.js:2431
[   42918ms] [LOG] [Fast Refresh] done in 561ms @ http://localhost:3000/_next/static/chunks/01.s_next_dist_09bvr7k._.js:2431
[   43075ms] [LOG] [Fast Refresh] rebuilding @ http://localhost:3000/_next/static/chunks/01.s_next_dist_09bvr7k._.js:2431
[   43142ms] [LOG] [Fast Refresh] done in 171ms @ http://localhost:3000/_next/static/chunks/01.s_next_dist_09bvr7k._.js:2431
[   45602ms] [LOG] [Fast Refresh] rebuilding @ http://localhost:3000/_next/static/chunks/01.s_next_dist_09bvr7k._.js:2431
[   46637ms] [LOG] [Fast Refresh] done in 1093ms @ http://localhost:3000/_next/static/chunks/01.s_next_dist_09bvr7k._.js:2431
[   46750ms] [LOG] [Fast Refresh] rebuilding @ http://localhost:3000/_next/static/chunks/01.s_next_dist_09bvr7k._.js:2431
[   47387ms] [LOG] [Fast Refresh] done in 746ms @ http://localhost:3000/_next/static/chunks/01.s_next_dist_09bvr7k._.js:2431
[   52396ms] [LOG] [Fast Refresh] rebuilding @ http://localhost:3000/_next/static/chunks/01.s_next_dist_09bvr7k._.js:2431
[   53414ms] [LOG] [Fast Refresh] done in 1032ms @ http://localhost:3000/_next/static/chunks/01.s_next_dist_09bvr7k._.js:2431
[   53527ms] [LOG] [Fast Refresh] rebuilding @ http://localhost:3000/_next/static/chunks/01.s_next_dist_09bvr7k._.js:2431
[   54063ms] [LOG] [Fast Refresh] done in 645ms @ http://localhost:3000/_next/static/chunks/01.s_next_dist_09bvr7k._.js:2431
[   54218ms] [LOG] [Fast Refresh] rebuilding @ http://localhost:3000/_next/static/chunks/01.s_next_dist_09bvr7k._.js:2431
[   54578ms] [LOG] [Fast Refresh] done in 470ms @ http://localhost:3000/_next/static/chunks/01.s_next_dist_09bvr7k._.js:2431
[   54683ms] [LOG] [Fast Refresh] rebuilding @ http://localhost:3000/_next/static/chunks/01.s_next_dist_09bvr7k._.js:2431
[   54798ms] [LOG] [Fast Refresh] done in 219ms @ http://localhost:3000/_next/static/chunks/01.s_next_dist_09bvr7k._.js:2431
[   58034ms] [LOG] [Fast Refresh] rebuilding @ http://localhost:3000/_next/static/chunks/01.s_next_dist_09bvr7k._.js:2431
[   58347ms] [LOG] [Fast Refresh] done in 421ms @ http://localhost:3000/_next/static/chunks/01.s_next_dist_09bvr7k._.js:2431
[   94481ms] [LOG] [Fast Refresh] rebuilding @ http://localhost:3000/_next/static/chunks/01.s_next_dist_09bvr7k._.js:2431
[  146266ms] [ERROR] ./OneDrive/Desktop/Innovera/Rapid Prototyping/viktor/components/CaseView.tsx:25:1
Module not found: Can't resolve './KanbanBoard'
  23 | import type { RunStatus } from "@/lib/schema";
  24 | import { TreeCanvas } from "./TreeCanvas";
> 25 | import { KanbanBoard } from "./KanbanBoard";
     | ^^^^^^^^^^^^^^^^^^^^^^^^^^^^^^^^^^^^^^^^^^^^
  26 | import { HypothesisDrilldown } from "./HypothesisDrilldown";
  27 | import { EvidenceList } from "./EvidenceList";
  28 | import { EvidenceModal } from "./EvidenceModal";

Import trace:
  Server Component:
    ./OneDrive/Desktop/Innovera/Rapid Prototyping/viktor/components/CaseView.tsx
    ./OneDrive/Desktop/Innovera/Rapid Prototyping/viktor/app/case/[id]/page.tsx

https://nextjs.org/docs/messages/module-not-found @ http://localhost:3000/_next/static/chunks/01.s_next_dist_09bvr7k._.js:3272
[  146451ms] [LOG] [Fast Refresh] rebuilding @ http://localhost:3000/_next/static/chunks/01.s_next_dist_09bvr7k._.js:2431
[  148180ms] [ERROR] ./OneDrive/Desktop/Innovera/Rapid Prototyping/viktor/components/CaseView.tsx:25:1
Module not found: Can't resolve './KanbanBoard'
  23 | import type { RunStatus } from "@/lib/schema";
  24 | import { TreeCanvas } from "./TreeCanvas";
> 25 | import { KanbanBoard } from "./KanbanBoard";
     | ^^^^^^^^^^^^^^^^^^^^^^^^^^^^^^^^^^^^^^^^^^^^
  26 | import { HypothesisDrilldown } from "./HypothesisDrilldown";
  27 | import { EvidenceList } from "./EvidenceList";
  28 | import { EvidenceModal } from "./EvidenceModal";

Import trace:
  Server Component:
    ./OneDrive/Desktop/Innovera/Rapid Prototyping/viktor/components/CaseView.tsx
    ./OneDrive/Desktop/Innovera/Rapid Prototyping/viktor/app/case/[id]/page.tsx

https://nextjs.org/docs/messages/module-not-found @ http://localhost:3000/_next/static/chunks/01.s_next_dist_09bvr7k._.js:3272
[  148284ms] [LOG] [Fast Refresh] rebuilding @ http://localhost:3000/_next/static/chunks/01.s_next_dist_09bvr7k._.js:2431
[  148860ms] [ERROR] ./OneDrive/Desktop/Innovera/Rapid Prototyping/viktor/components/CaseView.tsx:25:1
Module not found: Can't resolve './KanbanBoard'
  23 | import type { RunStatus } from "@/lib/schema";
  24 | import { TreeCanvas } from "./TreeCanvas";
> 25 | import { KanbanBoard } from "./KanbanBoard";
     | ^^^^^^^^^^^^^^^^^^^^^^^^^^^^^^^^^^^^^^^^^^^^
  26 | import { HypothesisDrilldown } from "./HypothesisDrilldown";
  27 | import { EvidenceList } from "./EvidenceList";
  28 | import { EvidenceModal } from "./EvidenceModal";

Import trace:
  Server Component:
    ./OneDrive/Desktop/Innovera/Rapid Prototyping/viktor/components/CaseView.tsx
    ./OneDrive/Desktop/Innovera/Rapid Prototyping/viktor/app/case/[id]/page.tsx

https://nextjs.org/docs/messages/module-not-found @ http://localhost:3000/_next/static/chunks/01.s_next_dist_09bvr7k._.js:3272
[  148862ms] [ERROR] ./OneDrive/Desktop/Innovera/Rapid Prototyping/viktor/components/CaseView.tsx:25:1
Module not found: Can't resolve './KanbanBoard'
  23 | import type { RunStatus } from "@/lib/schema";
  24 | import { TreeCanvas } from "./TreeCanvas";
> 25 | import { KanbanBoard } from "./KanbanBoard";
     | ^^^^^^^^^^^^^^^^^^^^^^^^^^^^^^^^^^^^^^^^^^^^
  26 | import { HypothesisDrilldown } from "./HypothesisDrilldown";
  27 | import { EvidenceList } from "./EvidenceList";
  28 | import { EvidenceModal } from "./EvidenceModal";

Import trace:
  Server Component:
    ./OneDrive/Desktop/Innovera/Rapid Prototyping/viktor/components/CaseView.tsx
    ./OneDrive/Desktop/Innovera/Rapid Prototyping/viktor/app/case/[id]/page.tsx

https://nextjs.org/docs/messages/module-not-found @ http://localhost:3000/_next/static/chunks/01.s_next_dist_09bvr7k._.js:3272
[  148877ms] [ERROR] Failed to load resource: the server responded with a status of 500 (Internal Server Error) @ http://localhost:3000/case/abb-rack-pdu?_rsc=8oc0o:0
[  149017ms] [LOG] [Fast Refresh] rebuilding @ http://localhost:3000/_next/static/chunks/01.s_next_dist_09bvr7k._.js:2431
[  149054ms] [ERROR] ./OneDrive/Desktop/Innovera/Rapid Prototyping/viktor/components/CaseView.tsx:25:1
Module not found: Can't resolve './KanbanBoard'
  23 | import type { RunStatus } from "@/lib/schema";
  24 | import { TreeCanvas } from "./TreeCanvas";
> 25 | import { KanbanBoard } from "./KanbanBoard";
     | ^^^^^^^^^^^^^^^^^^^^^^^^^^^^^^^^^^^^^^^^^^^^
  26 | import { HypothesisDrilldown } from "./HypothesisDrilldown";
  27 | import { EvidenceList } from "./EvidenceList";
  28 | import { EvidenceModal } from "./EvidenceModal";

Import trace:
  Server Component:
    ./OneDrive/Desktop/Innovera/Rapid Prototyping/viktor/components/CaseView.tsx
    ./OneDrive/Desktop/Innovera/Rapid Prototyping/viktor/app/case/[id]/page.tsx

https://nextjs.org/docs/messages/module-not-found @ http://localhost:3000/_next/static/chunks/01.s_next_dist_09bvr7k._.js:3272
[  149150ms] [ERROR] Failed to load resource: the server responded with a status of 500 (Internal Server Error) @ http://localhost:3000/case/abb-rack-pdu?_rsc=8oc0o:0
[  149153ms] [ERROR] ./OneDrive/Desktop/Innovera/Rapid Prototyping/viktor/components/CaseView.tsx:25:1
Module not found: Can't resolve './KanbanBoard'
  23 | import type { RunStatus } from "@/lib/schema";
  24 | import { TreeCanvas } from "./TreeCanvas";
> 25 | import { KanbanBoard } from "./KanbanBoard";
     | ^^^^^^^^^^^^^^^^^^^^^^^^^^^^^^^^^^^^^^^^^^^^
  26 | import { HypothesisDrilldown } from "./HypothesisDrilldown";
  27 | import { EvidenceList } from "./EvidenceList";
  28 | import { EvidenceModal } from "./EvidenceModal";

Import trace:
  Server Component:
    ./OneDrive/Desktop/Innovera/Rapid Prototyping/viktor/components/CaseView.tsx
    ./OneDrive/Desktop/Innovera/Rapid Prototyping/viktor/app/case/[id]/page.tsx

https://nextjs.org/docs/messages/module-not-found @ http://localhost:3000/_next/static/chunks/01.s_next_dist_09bvr7k._.js:3272
[  149218ms] [ERROR] ./OneDrive/Desktop/Innovera/Rapid Prototyping/viktor/components/CaseView.tsx:25:1
Module not found: Can't resolve './KanbanBoard'
  23 | import type { RunStatus } from "@/lib/schema";
  24 | import { TreeCanvas } from "./TreeCanvas";
> 25 | import { KanbanBoard } from "./KanbanBoard";
     | ^^^^^^^^^^^^^^^^^^^^^^^^^^^^^^^^^^^^^^^^^^^^
  26 | import { HypothesisDrilldown } from "./HypothesisDrilldown";
  27 | import { EvidenceList } from "./EvidenceList";
  28 | import { EvidenceModal } from "./EvidenceModal";

Import trace:
  Server Component:
    ./OneDrive/Desktop/Innovera/Rapid Prototyping/viktor/components/CaseView.tsx
    ./OneDrive/Desktop/Innovera/Rapid Prototyping/viktor/app/case/[id]/page.tsx

https://nextjs.org/docs/messages/module-not-found @ http://localhost:3000/_next/static/chunks/01.s_next_dist_09bvr7k._.js:3272
[  149227ms] [ERROR] Failed to load resource: the server responded with a status of 500 (Internal Server Error) @ http://localhost:3000/case/abb-rack-pdu:0
[  149496ms] [INFO] %cDownload the React DevTools for a better development experience: https://react.dev/link/react-devtools font-weight:bold @ http://localhost:3000/_next/static/chunks/01.s_react-dom_0lhriof._.js:15305
[  149612ms] Error: ./OneDrive/Desktop/Innovera/Rapid Prototyping/viktor/components/CaseView.tsx:25:1
Module not found: Can't resolve './KanbanBoard'
  23 | import type { RunStatus } from "@/lib/schema";
  24 | import { TreeCanvas } from "./TreeCanvas";
> 25 | import { KanbanBoard } from "./KanbanBoard";
     | ^^^^^^^^^^^^^^^^^^^^^^^^^^^^^^^^^^^^^^^^^^^^
  26 | import { HypothesisDrilldown } from "./HypothesisDrilldown";
  27 | import { EvidenceList } from "./EvidenceList";
  28 | import { EvidenceModal } from "./EvidenceModal";



Import trace:
  Server Component:
    ./OneDrive/Desktop/Innovera/Rapid Prototyping/viktor/components/CaseView.tsx
    ./OneDrive/Desktop/Innovera/Rapid Prototyping/viktor/app/case/[id]/page.tsx

https://nextjs.org/docs/messages/module-not-found


    at <unknown> (Error: ./OneDrive/Desktop/Innovera/Rapid Prototyping/viktor/components/CaseView.tsx:25:1)
    at <unknown> (https://nextjs.org/docs/messages/module-not-found)
    at Object.getCompilationErrors (file://C:\Users\hweth\OneDrive\Desktop\Innovera\Rapid Prototyping\viktor\node_modules\next\dist\server\dev\hot-reloader-turbopack.js:1186:59)
    at DevBundlerService.getCompilationError (file://C:\Users\hweth\OneDrive\Desktop\Innovera\Rapid Prototyping\viktor\node_modules\next\dist\server\lib\dev-bundler-service.js:44:55)
    at DevServer.getCompilationError (file://C:\Users\hweth\OneDrive\Desktop\Innovera\Rapid Prototyping\viktor\node_modules\next\dist\server\dev\next-dev-server.js:719:42)
    at DevServer.findPageComponents (file://C:\Users\hweth\OneDrive\Desktop\Innovera\Rapid Prototyping\viktor\node_modules\next\dist\server\dev\next-dev-server.js:689:43)
    at async DevServer.renderErrorToResponseImpl (file://C:\Users\hweth\OneDrive\Desktop\Innovera\Rapid Prototyping\viktor\node_modules\next\dist\server\base-server.js:1745:26)
[  149612ms] [LOG] [HMR] connected @ http://localhost:3000/_next/static/chunks/01.s_next_dist_0f_t5d.._.js:1226
[  149617ms] [ERROR] ./OneDrive/Desktop/Innovera/Rapid Prototyping/viktor/components/CaseView.tsx:25:1
Module not found: Can't resolve './KanbanBoard'
  23 | import type { RunStatus } from "@/lib/schema";
  24 | import { TreeCanvas } from "./TreeCanvas";
> 25 | import { KanbanBoard } from "./KanbanBoard";
     | ^^^^^^^^^^^^^^^^^^^^^^^^^^^^^^^^^^^^^^^^^^^^
  26 | import { HypothesisDrilldown } from "./HypothesisDrilldown";
  27 | import { EvidenceList } from "./EvidenceList";
  28 | import { EvidenceModal } from "./EvidenceModal";

Import trace:
  Server Component:
    ./OneDrive/Desktop/Innovera/Rapid Prototyping/viktor/components/CaseView.tsx
    ./OneDrive/Desktop/Innovera/Rapid Prototyping/viktor/app/case/[id]/page.tsx

https://nextjs.org/docs/messages/module-not-found @ http://localhost:3000/_next/static/chunks/01.s_next_dist_0f_t5d.._.js:1945
[  149759ms] [LOG] [Fast Refresh] rebuilding @ http://localhost:3000/_next/static/chunks/01.s_next_dist_0f_t5d.._.js:1226
[  149837ms] [ERROR] ./OneDrive/Desktop/Innovera/Rapid Prototyping/viktor/components/CaseView.tsx:25:1
Module not found: Can't resolve './KanbanBoard'
  23 | import type { RunStatus } from "@/lib/schema";
  24 | import { TreeCanvas } from "./TreeCanvas";
> 25 | import { KanbanBoard } from "./KanbanBoard";
     | ^^^^^^^^^^^^^^^^^^^^^^^^^^^^^^^^^^^^^^^^^^^^
  26 | import { HypothesisDrilldown } from "./HypothesisDrilldown";
  27 | import { EvidenceList } from "./EvidenceList";
  28 | import { EvidenceModal } from "./EvidenceModal";

Import trace:
  Server Component:
    ./OneDrive/Desktop/Innovera/Rapid Prototyping/viktor/components/CaseView.tsx
    ./OneDrive/Desktop/Innovera/Rapid Prototyping/viktor/app/case/[id]/page.tsx

https://nextjs.org/docs/messages/module-not-found @ http://localhost:3000/_next/static/chunks/01.s_next_dist_0f_t5d.._.js:1945
[  150260ms] [ERROR] ./OneDrive/Desktop/Innovera/Rapid Prototyping/viktor/components/CaseView.tsx:25:1
Module not found: Can't resolve './KanbanBoard'
  23 | import type { RunStatus } from "@/lib/schema";
  24 | import { TreeCanvas } from "./TreeCanvas";
> 25 | import { KanbanBoard } from "./KanbanBoard";
     | ^^^^^^^^^^^^^^^^^^^^^^^^^^^^^^^^^^^^^^^^^^^^
  26 | import { HypothesisDrilldown } from "./HypothesisDrilldown";
  27 | import { EvidenceList } from "./EvidenceList";
  28 | import { EvidenceModal } from "./EvidenceModal";

Import trace:
  Server Component:
    ./OneDrive/Desktop/Innovera/Rapid Prototyping/viktor/components/CaseView.tsx
    ./OneDrive/Desktop/Innovera/Rapid Prototyping/viktor/app/case/[id]/page.tsx

https://nextjs.org/docs/messages/module-not-found @ http://localhost:3000/_next/static/chunks/01.s_next_dist_0f_t5d.._.js:1945
[  150361ms] [ERROR] ./OneDrive/Desktop/Innovera/Rapid Prototyping/viktor/components/CaseView.tsx:25:1
Module not found: Can't resolve './KanbanBoard'
  23 | import type { RunStatus } from "@/lib/schema";
  24 | import { TreeCanvas } from "./TreeCanvas";
> 25 | import { KanbanBoard } from "./KanbanBoard";
     | ^^^^^^^^^^^^^^^^^^^^^^^^^^^^^^^^^^^^^^^^^^^^
  26 | import { HypothesisDrilldown } from "./HypothesisDrilldown";
  27 | import { EvidenceList } from "./EvidenceList";
  28 | import { EvidenceModal } from "./EvidenceModal";

Import trace:
  Server Component:
    ./OneDrive/Desktop/Innovera/Rapid Prototyping/viktor/components/CaseView.tsx
    ./OneDrive/Desktop/Innovera/Rapid Prototyping/viktor/app/case/[id]/page.tsx

https://nextjs.org/docs/messages/module-not-found @ http://localhost:3000/_next/static/chunks/01.s_next_dist_0f_t5d.._.js:1945
[  150402ms] [LOG] [Fast Refresh] rebuilding @ http://localhost:3000/_next/static/chunks/01.s_next_dist_0f_t5d.._.js:1226
[  155119ms] [ERROR] ./OneDrive/Desktop/Innovera/Rapid Prototyping/viktor/components/CaseView.tsx:25:1
Module not found: Can't resolve './KanbanBoard'
  23 | import type { RunStatus } from "@/lib/schema";
  24 | import { TreeCanvas } from "./TreeCanvas";
> 25 | import { KanbanBoard } from "./KanbanBoard";
     | ^^^^^^^^^^^^^^^^^^^^^^^^^^^^^^^^^^^^^^^^^^^^
  26 | import { HypothesisDrilldown } from "./HypothesisDrilldown";
  27 | import { EvidenceList } from "./EvidenceList";
  28 | import { EvidenceModal } from "./EvidenceModal";

Import trace:
  Server Component:
    ./OneDrive/Desktop/Innovera/Rapid Prototyping/viktor/components/CaseView.tsx
    ./OneDrive/Desktop/Innovera/Rapid Prototyping/viktor/app/case/[id]/page.tsx

https://nextjs.org/docs/messages/module-not-found @ http://localhost:3000/_next/static/chunks/01.s_next_dist_0f_t5d.._.js:1945
[  155163ms] [LOG] [Fast Refresh] rebuilding @ http://localhost:3000/_next/static/chunks/01.s_next_dist_0f_t5d.._.js:1226
[  159623ms] [ERROR] ./OneDrive/Desktop/Innovera/Rapid Prototyping/viktor/components/CaseView.tsx:25:1
Module not found: Can't resolve './KanbanBoard'
  23 | import type { RunStatus } from "@/lib/schema";
  24 | import { TreeCanvas } from "./TreeCanvas";
> 25 | import { KanbanBoard } from "./KanbanBoard";
     | ^^^^^^^^^^^^^^^^^^^^^^^^^^^^^^^^^^^^^^^^^^^^
  26 | import { HypothesisDrilldown } from "./HypothesisDrilldown";
  27 | import { EvidenceList } from "./EvidenceList";
  28 | import { EvidenceModal } from "./EvidenceModal";

Import trace:
  Server Component:
    ./OneDrive/Desktop/Innovera/Rapid Prototyping/viktor/components/CaseView.tsx
    ./OneDrive/Desktop/Innovera/Rapid Prototyping/viktor/app/case/[id]/page.tsx

https://nextjs.org/docs/messages/module-not-found @ http://localhost:3000/_next/static/chunks/01.s_next_dist_0f_t5d.._.js:1945
[  159684ms] [LOG] [Fast Refresh] rebuilding @ http://localhost:3000/_next/static/chunks/01.s_next_dist_0f_t5d.._.js:1226
[  159756ms] [ERROR] ./OneDrive/Desktop/Innovera/Rapid Prototyping/viktor/components/CaseView.tsx:25:1
Module not found: Can't resolve './KanbanBoard'
  23 | import type { RunStatus } from "@/lib/schema";
  24 | import { TreeCanvas } from "./TreeCanvas";
> 25 | import { KanbanBoard } from "./KanbanBoard";
     | ^^^^^^^^^^^^^^^^^^^^^^^^^^^^^^^^^^^^^^^^^^^^
  26 | import { HypothesisDrilldown } from "./HypothesisDrilldown";
  27 | import { EvidenceList } from "./EvidenceList";
  28 | import { EvidenceModal } from "./EvidenceModal";

Import trace:
  Server Component:
    ./OneDrive/Desktop/Innovera/Rapid Prototyping/viktor/components/CaseView.tsx
    ./OneDrive/Desktop/Innovera/Rapid Prototyping/viktor/app/case/[id]/page.tsx

https://nextjs.org/docs/messages/module-not-found @ http://localhost:3000/_next/static/chunks/01.s_next_dist_0f_t5d.._.js:1945
[  159807ms] [LOG] [Fast Refresh] rebuilding @ http://localhost:3000/_next/static/chunks/01.s_next_dist_0f_t5d.._.js:1226
[  160306ms] [ERROR] ./OneDrive/Desktop/Innovera/Rapid Prototyping/viktor/components/CaseView.tsx:25:1
Module not found: Can't resolve './KanbanBoard'
  23 | import type { RunStatus } from "@/lib/schema";
  24 | import { TreeCanvas } from "./TreeCanvas";
> 25 | import { KanbanBoard } from "./KanbanBoard";
     | ^^^^^^^^^^^^^^^^^^^^^^^^^^^^^^^^^^^^^^^^^^^^
  26 | import { HypothesisDrilldown } from "./HypothesisDrilldown";
  27 | import { EvidenceList } from "./EvidenceList";
  28 | import { EvidenceModal } from "./EvidenceModal";

Import trace:
  Server Component:
    ./OneDrive/Desktop/Innovera/Rapid Prototyping/viktor/components/CaseView.tsx
    ./OneDrive/Desktop/Innovera/Rapid Prototyping/viktor/app/case/[id]/page.tsx

https://nextjs.org/docs/messages/module-not-found @ http://localhost:3000/_next/static/chunks/01.s_next_dist_0f_t5d.._.js:1945
[  160350ms] [LOG] [Fast Refresh] rebuilding @ http://localhost:3000/_next/static/chunks/01.s_next_dist_0f_t5d.._.js:1226
[  160507ms] [ERROR] ./OneDrive/Desktop/Innovera/Rapid Prototyping/viktor/components/CaseView.tsx:25:1
Module not found: Can't resolve './KanbanBoard'
  23 | import type { RunStatus } from "@/lib/schema";
  24 | import { TreeCanvas } from "./TreeCanvas";
> 25 | import { KanbanBoard } from "./KanbanBoard";
     | ^^^^^^^^^^^^^^^^^^^^^^^^^^^^^^^^^^^^^^^^^^^^
  26 | import { HypothesisDrilldown } from "./HypothesisDrilldown";
  27 | import { EvidenceList } from "./EvidenceList";
  28 | import { EvidenceModal } from "./EvidenceModal";

Import trace:
  Server Component:
    ./OneDrive/Desktop/Innovera/Rapid Prototyping/viktor/components/CaseView.tsx
    ./OneDrive/Desktop/Innovera/Rapid Prototyping/viktor/app/case/[id]/page.tsx

https://nextjs.org/docs/messages/module-not-found @ http://localhost:3000/_next/static/chunks/01.s_next_dist_0f_t5d.._.js:1945
[  160583ms] [LOG] [Fast Refresh] rebuilding @ http://localhost:3000/_next/static/chunks/01.s_next_dist_0f_t5d.._.js:1226
[  162893ms] [ERROR] ./OneDrive/Desktop/Innovera/Rapid Prototyping/viktor/components/CaseView.tsx:25:1
Module not found: Can't resolve './KanbanBoard'
  23 | import type { RunStatus } from "@/lib/schema";
  24 | import { TreeCanvas } from "./TreeCanvas";
> 25 | import { KanbanBoard } from "./KanbanBoard";
     | ^^^^^^^^^^^^^^^^^^^^^^^^^^^^^^^^^^^^^^^^^^^^
  26 | import { HypothesisDrilldown } from "./HypothesisDrilldown";
  27 | import { EvidenceList } from "./EvidenceList";
  28 | import { EvidenceModal } from "./EvidenceModal";

Import trace:
  Server Component:
    ./OneDrive/Desktop/Innovera/Rapid Prototyping/viktor/components/CaseView.tsx
    ./OneDrive/Desktop/Innovera/Rapid Prototyping/viktor/app/case/[id]/page.tsx

https://nextjs.org/docs/messages/module-not-found @ http://localhost:3000/_next/static/chunks/01.s_next_dist_0f_t5d.._.js:1945
[  162938ms] [LOG] [Fast Refresh] rebuilding @ http://localhost:3000/_next/static/chunks/01.s_next_dist_0f_t5d.._.js:1226
[  163142ms] [ERROR] ./OneDrive/Desktop/Innovera/Rapid Prototyping/viktor/components/CaseView.tsx:25:1
Module not found: Can't resolve './KanbanBoard'
  23 | import type { RunStatus } from "@/lib/schema";
  24 | import { TreeCanvas } from "./TreeCanvas";
> 25 | import { KanbanBoard } from "./KanbanBoard";
     | ^^^^^^^^^^^^^^^^^^^^^^^^^^^^^^^^^^^^^^^^^^^^
  26 | import { HypothesisDrilldown } from "./HypothesisDrilldown";
  27 | import { EvidenceList } from "./EvidenceList";
  28 | import { EvidenceModal } from "./EvidenceModal";

Import trace:
  Server Component:
    ./OneDrive/Desktop/Innovera/Rapid Prototyping/viktor/components/CaseView.tsx
    ./OneDrive/Desktop/Innovera/Rapid Prototyping/viktor/app/case/[id]/page.tsx

https://nextjs.org/docs/messages/module-not-found @ http://localhost:3000/_next/static/chunks/01.s_next_dist_0f_t5d.._.js:1945
[  163218ms] [LOG] [Fast Refresh] rebuilding @ http://localhost:3000/_next/static/chunks/01.s_next_dist_0f_t5d.._.js:1226
[  175750ms] [ERROR] ./OneDrive/Desktop/Innovera/Rapid Prototyping/viktor/components/CaseView.tsx:25:1
Module not found: Can't resolve './KanbanBoard'
  23 | import type { RunStatus } from "@/lib/schema";
  24 | import { TreeCanvas } from "./TreeCanvas";
> 25 | import { KanbanBoard } from "./KanbanBoard";
     | ^^^^^^^^^^^^^^^^^^^^^^^^^^^^^^^^^^^^^^^^^^^^
  26 | import { HypothesisDrilldown } from "./HypothesisDrilldown";
  27 | import { EvidenceList } from "./EvidenceList";
  28 | import { EvidenceModal } from "./EvidenceModal";

Import trace:
  Server Component:
    ./OneDrive/Desktop/Innovera/Rapid Prototyping/viktor/components/CaseView.tsx
    ./OneDrive/Desktop/Innovera/Rapid Prototyping/viktor/app/case/[id]/page.tsx

https://nextjs.org/docs/messages/module-not-found @ http://localhost:3000/_next/static/chunks/01.s_next_dist_0f_t5d.._.js:1945
[  175807ms] [LOG] [Fast Refresh] rebuilding @ http://localhost:3000/_next/static/chunks/01.s_next_dist_0f_t5d.._.js:1226
[  176393ms] [ERROR] ./OneDrive/Desktop/Innovera/Rapid Prototyping/viktor/components/CaseView.tsx:25:1
Module not found: Can't resolve './KanbanBoard'
  23 | import type { RunStatus } from "@/lib/schema";
  24 | import { TreeCanvas } from "./TreeCanvas";
> 25 | import { KanbanBoard } from "./KanbanBoard";
     | ^^^^^^^^^^^^^^^^^^^^^^^^^^^^^^^^^^^^^^^^^^^^
  26 | import { HypothesisDrilldown } from "./HypothesisDrilldown";
  27 | import { EvidenceList } from "./EvidenceList";
  28 | import { EvidenceModal } from "./EvidenceModal";

Import trace:
  Server Component:
    ./OneDrive/Desktop/Innovera/Rapid Prototyping/viktor/components/CaseView.tsx
    ./OneDrive/Desktop/Innovera/Rapid Prototyping/viktor/app/case/[id]/page.tsx

https://nextjs.org/docs/messages/module-not-found @ http://localhost:3000/_next/static/chunks/01.s_next_dist_0f_t5d.._.js:1945
[  176398ms] [LOG] [Fast Refresh] rebuilding @ http://localhost:3000/_next/static/chunks/01.s_next_dist_0f_t5d.._.js:1226
[  176445ms] [ERROR] ./OneDrive/Desktop/Innovera/Rapid Prototyping/viktor/components/CaseView.tsx:25:1
Module not found: Can't resolve './KanbanBoard'
  23 | import type { RunStatus } from "@/lib/schema";
  24 | import { TreeCanvas } from "./TreeCanvas";
> 25 | import { KanbanBoard } from "./KanbanBoard";
     | ^^^^^^^^^^^^^^^^^^^^^^^^^^^^^^^^^^^^^^^^^^^^
  26 | import { HypothesisDrilldown } from "./HypothesisDrilldown";
  27 | import { EvidenceList } from "./EvidenceList";
  28 | import { EvidenceModal } from "./EvidenceModal";

Import trace:
  Server Component:
    ./OneDrive/Desktop/Innovera/Rapid Prototyping/viktor/components/CaseView.tsx
    ./OneDrive/Desktop/Innovera/Rapid Prototyping/viktor/app/case/[id]/page.tsx

https://nextjs.org/docs/messages/module-not-found @ http://localhost:3000/_next/static/chunks/01.s_next_dist_0f_t5d.._.js:1945
[  176520ms] [LOG] [Fast Refresh] rebuilding @ http://localhost:3000/_next/static/chunks/01.s_next_dist_0f_t5d.._.js:1226
[  176599ms] [ERROR] ./OneDrive/Desktop/Innovera/Rapid Prototyping/viktor/components/CaseView.tsx:25:1
Module not found: Can't resolve './KanbanBoard'
  23 | import type { RunStatus } from "@/lib/schema";
  24 | import { TreeCanvas } from "./TreeCanvas";
> 25 | import { KanbanBoard } from "./KanbanBoard";
     | ^^^^^^^^^^^^^^^^^^^^^^^^^^^^^^^^^^^^^^^^^^^^
  26 | import { HypothesisDrilldown } from "./HypothesisDrilldown";
  27 | import { EvidenceList } from "./EvidenceList";
  28 | import { EvidenceModal } from "./EvidenceModal";

Import trace:
  Server Component:
    ./OneDrive/Desktop/Innovera/Rapid Prototyping/viktor/components/CaseView.tsx
    ./OneDrive/Desktop/Innovera/Rapid Prototyping/viktor/app/case/[id]/page.tsx

https://nextjs.org/docs/messages/module-not-found @ http://localhost:3000/_next/static/chunks/01.s_next_dist_0f_t5d.._.js:1945
[  176675ms] [ERROR] ./OneDrive/Desktop/Innovera/Rapid Prototyping/viktor/components/CaseView.tsx:25:1
Module not found: Can't resolve './KanbanBoard'
  23 | import type { RunStatus } from "@/lib/schema";
  24 | import { TreeCanvas } from "./TreeCanvas";
> 25 | import { KanbanBoard } from "./KanbanBoard";
     | ^^^^^^^^^^^^^^^^^^^^^^^^^^^^^^^^^^^^^^^^^^^^
  26 | import { HypothesisDrilldown } from "./HypothesisDrilldown";
  27 | import { EvidenceList } from "./EvidenceList";
  28 | import { EvidenceModal } from "./EvidenceModal";

Import trace:
  Server Component:
    ./OneDrive/Desktop/Innovera/Rapid Prototyping/viktor/components/CaseView.tsx
    ./OneDrive/Desktop/Innovera/Rapid Prototyping/viktor/app/case/[id]/page.tsx

https://nextjs.org/docs/messages/module-not-found @ http://localhost:3000/_next/static/chunks/01.s_next_dist_0f_t5d.._.js:1945
[  176734ms] [LOG] [Fast Refresh] rebuilding @ http://localhost:3000/_next/static/chunks/01.s_next_dist_0f_t5d.._.js:1226
[  176858ms] [ERROR] ./OneDrive/Desktop/Innovera/Rapid Prototyping/viktor/components/CaseView.tsx:25:1
Module not found: Can't resolve './KanbanBoard'
  23 | import type { RunStatus } from "@/lib/schema";
  24 | import { TreeCanvas } from "./TreeCanvas";
> 25 | import { KanbanBoard } from "./KanbanBoard";
     | ^^^^^^^^^^^^^^^^^^^^^^^^^^^^^^^^^^^^^^^^^^^^
  26 | import { HypothesisDrilldown } from "./HypothesisDrilldown";
  27 | import { EvidenceList } from "./EvidenceList";
  28 | import { EvidenceModal } from "./EvidenceModal";

Import trace:
  Server Component:
    ./OneDrive/Desktop/Innovera/Rapid Prototyping/viktor/components/CaseView.tsx
    ./OneDrive/Desktop/Innovera/Rapid Prototyping/viktor/app/case/[id]/page.tsx

https://nextjs.org/docs/messages/module-not-found @ http://localhost:3000/_next/static/chunks/01.s_next_dist_0f_t5d.._.js:1945
[  176951ms] [ERROR] ./OneDrive/Desktop/Innovera/Rapid Prototyping/viktor/components/CaseView.tsx:25:1
Module not found: Can't resolve './KanbanBoard'
  23 | import type { RunStatus } from "@/lib/schema";
  24 | import { TreeCanvas } from "./TreeCanvas";
> 25 | import { KanbanBoard } from "./KanbanBoard";
     | ^^^^^^^^^^^^^^^^^^^^^^^^^^^^^^^^^^^^^^^^^^^^
  26 | import { HypothesisDrilldown } from "./HypothesisDrilldown";
  27 | import { EvidenceList } from "./EvidenceList";
  28 | import { EvidenceModal } from "./EvidenceModal";

Import trace:
  Server Component:
    ./OneDrive/Desktop/Innovera/Rapid Prototyping/viktor/components/CaseView.tsx
    ./OneDrive/Desktop/Innovera/Rapid Prototyping/viktor/app/case/[id]/page.tsx

https://nextjs.org/docs/messages/module-not-found @ http://localhost:3000/_next/static/chunks/01.s_next_dist_0f_t5d.._.js:1945
[  176995ms] [LOG] [Fast Refresh] rebuilding @ http://localhost:3000/_next/static/chunks/01.s_next_dist_0f_t5d.._.js:1226
[  177304ms] [LOG] [Fast Refresh] rebuilding @ http://localhost:3000/_next/static/chunks/01.s_next_dist_0f_t5d.._.js:1226
[  180174ms] [LOG] [Fast Refresh] done in 2973ms @ http://localhost:3000/_next/static/chunks/01.s_next_dist_0f_t5d.._.js:1226
[  180390ms] [LOG] [Fast Refresh] rebuilding @ http://localhost:3000/_next/static/chunks/01.s_next_dist_0f_t5d.._.js:1226
[  180667ms] [LOG] [Fast Refresh] done in 390ms @ http://localhost:3000/_next/static/chunks/01.s_next_dist_0f_t5d.._.js:1226
[  180770ms] [LOG] [Fast Refresh] rebuilding @ http://localhost:3000/_next/static/chunks/01.s_next_dist_0f_t5d.._.js:1226
[  181377ms] [LOG] [Fast Refresh] done in 709ms @ http://localhost:3000/_next/static/chunks/01.s_next_dist_0f_t5d.._.js:1226
[  181569ms] [INFO] %cDownload the React DevTools for a better development experience: https://react.dev/link/react-devtools font-weight:bold @ http://localhost:3000/_next/static/chunks/01.s_next_dist_09bvr7k._.js:2431
[  181673ms] [LOG] [HMR] connected @ http://localhost:3000/_next/static/chunks/01.s_next_dist_09bvr7k._.js:2431
[  181908ms] [LOG] [Fast Refresh] rebuilding @ http://localhost:3000/_next/static/chunks/01.s_next_dist_09bvr7k._.js:2431
[  182117ms] [LOG] [Fast Refresh] done in 310ms @ http://localhost:3000/_next/static/chunks/01.s_next_dist_09bvr7k._.js:2431
[  182693ms] [WARNING] [React Flow]: It looks like you've created a new nodeTypes or edgeTypes object. If this wasn't on purpose please define the nodeTypes/edgeTypes outside of the component or memoize them. Help: https://reactflow.dev/error#002 @ http://localhost:3000/_next/static/chunks/01.s_next_dist_09bvr7k._.js:2431
[  182693ms] [WARNING] [React Flow]: It looks like you've created a new nodeTypes or edgeTypes object. If this wasn't on purpose please define the nodeTypes/edgeTypes outside of the component or memoize them. Help: https://reactflow.dev/error#002 @ http://localhost:3000/_next/static/chunks/01.s_next_dist_09bvr7k._.js:2431
[  182861ms] [LOG] [Fast Refresh] rebuilding @ http://localhost:3000/_next/static/chunks/01.s_next_dist_09bvr7k._.js:2431
[  182922ms] [LOG] [Fast Refresh] done in 166ms @ http://localhost:3000/_next/static/chunks/01.s_next_dist_09bvr7k._.js:2431
[  183295ms] [LOG] [Fast Refresh] rebuilding @ http://localhost:3000/_next/static/chunks/01.s_next_dist_09bvr7k._.js:2431
[  183664ms] [LOG] [Fast Refresh] done in 481ms @ http://localhost:3000/_next/static/chunks/01.s_next_dist_09bvr7k._.js:2431
[  186387ms] [LOG] [Fast Refresh] rebuilding @ http://localhost:3000/_next/static/chunks/01.s_next_dist_09bvr7k._.js:2431
[  189994ms] [ERROR] ./OneDrive/Desktop/Innovera/Rapid Prototyping/viktor/components/CaseView.tsx:25:1
Module not found: Can't resolve './KanbanBoard'
  23 | import type { RunStatus } from "@/lib/schema";
  24 | import { TreeCanvas } from "./TreeCanvas";
> 25 | import { KanbanBoard } from "./KanbanBoard";
     | ^^^^^^^^^^^^^^^^^^^^^^^^^^^^^^^^^^^^^^^^^^^^
  26 | import { HypothesisDrilldown } from "./HypothesisDrilldown";
  27 | import { EvidenceList } from "./EvidenceList";
  28 | import { EvidenceModal } from "./EvidenceModal";

Import trace:
  Server Component:
    ./OneDrive/Desktop/Innovera/Rapid Prototyping/viktor/components/CaseView.tsx
    ./OneDrive/Desktop/Innovera/Rapid Prototyping/viktor/app/case/[id]/page.tsx

https://nextjs.org/docs/messages/module-not-found @ http://localhost:3000/_next/static/chunks/01.s_next_dist_09bvr7k._.js:3272
[  190034ms] [ERROR] ./OneDrive/Desktop/Innovera/Rapid Prototyping/viktor/components/CaseView.tsx:25:1
Module not found: Can't resolve './KanbanBoard'
  23 | import type { RunStatus } from "@/lib/schema";
  24 | import { TreeCanvas } from "./TreeCanvas";
> 25 | import { KanbanBoard } from "./KanbanBoard";
     | ^^^^^^^^^^^^^^^^^^^^^^^^^^^^^^^^^^^^^^^^^^^^
  26 | import { HypothesisDrilldown } from "./HypothesisDrilldown";
  27 | import { EvidenceList } from "./EvidenceList";
  28 | import { EvidenceModal } from "./EvidenceModal";

Import trace:
  Server Component:
    ./OneDrive/Desktop/Innovera/Rapid Prototyping/viktor/components/CaseView.tsx
    ./OneDrive/Desktop/Innovera/Rapid Prototyping/viktor/app/case/[id]/page.tsx

https://nextjs.org/docs/messages/module-not-found @ http://localhost:3000/_next/static/chunks/01.s_next_dist_09bvr7k._.js:3272
[  190154ms] [LOG] [Fast Refresh] rebuilding @ http://localhost:3000/_next/static/chunks/01.s_next_dist_09bvr7k._.js:2431
[  190310ms] [ERROR] ./OneDrive/Desktop/Innovera/Rapid Prototyping/viktor/components/CaseView.tsx:25:1
Module not found: Can't resolve './KanbanBoard'
  23 | import type { RunStatus } from "@/lib/schema";
  24 | import { TreeCanvas } from "./TreeCanvas";
> 25 | import { KanbanBoard } from "./KanbanBoard";
     | ^^^^^^^^^^^^^^^^^^^^^^^^^^^^^^^^^^^^^^^^^^^^
  26 | import { HypothesisDrilldown } from "./HypothesisDrilldown";
  27 | import { EvidenceList } from "./EvidenceList";
  28 | import { EvidenceModal } from "./EvidenceModal";

Import trace:
  Server Component:
    ./OneDrive/Desktop/Innovera/Rapid Prototyping/viktor/components/CaseView.tsx
    ./OneDrive/Desktop/Innovera/Rapid Prototyping/viktor/app/case/[id]/page.tsx

https://nextjs.org/docs/messages/module-not-found @ http://localhost:3000/_next/static/chunks/01.s_next_dist_09bvr7k._.js:3272
[  190361ms] [ERROR] Failed to load resource: the server responded with a status of 500 (Internal Server Error) @ http://localhost:3000/case/abb-rack-pdu?_rsc=8oc0o:0
[  190363ms] [ERROR] ./OneDrive/Desktop/Innovera/Rapid Prototyping/viktor/components/CaseView.tsx:25:1
Module not found: Can't resolve './KanbanBoard'
  23 | import type { RunStatus } from "@/lib/schema";
  24 | import { TreeCanvas } from "./TreeCanvas";
> 25 | import { KanbanBoard } from "./KanbanBoard";
     | ^^^^^^^^^^^^^^^^^^^^^^^^^^^^^^^^^^^^^^^^^^^^
  26 | import { HypothesisDrilldown } from "./HypothesisDrilldown";
  27 | import { EvidenceList } from "./EvidenceList";
  28 | import { EvidenceModal } from "./EvidenceModal";

Import trace:
  Server Component:
    ./OneDrive/Desktop/Innovera/Rapid Prototyping/viktor/components/CaseView.tsx
    ./OneDrive/Desktop/Innovera/Rapid Prototyping/viktor/app/case/[id]/page.tsx

https://nextjs.org/docs/messages/module-not-found @ http://localhost:3000/_next/static/chunks/01.s_next_dist_09bvr7k._.js:3272
[  190464ms] [LOG] [Fast Refresh] rebuilding @ http://localhost:3000/_next/static/chunks/01.s_next_dist_09bvr7k._.js:2431
[  190678ms] [ERROR] Failed to load resource: the server responded with a status of 500 (Internal Server Error) @ http://localhost:3000/case/abb-rack-pdu:0
[  190786ms] [INFO] %cDownload the React DevTools for a better development experience: https://react.dev/link/react-devtools font-weight:bold @ http://localhost:3000/_next/static/chunks/01.s_react-dom_0lhriof._.js:15305
[  190801ms] Error: ./OneDrive/Desktop/Innovera/Rapid Prototyping/viktor/components/CaseView.tsx:25:1
Module not found: Can't resolve './KanbanBoard'
  23 | import type { RunStatus } from "@/lib/schema";
  24 | import { TreeCanvas } from "./TreeCanvas";
> 25 | import { KanbanBoard } from "./KanbanBoard";
     | ^^^^^^^^^^^^^^^^^^^^^^^^^^^^^^^^^^^^^^^^^^^^
  26 | import { HypothesisDrilldown } from "./HypothesisDrilldown";
  27 | import { EvidenceList } from "./EvidenceList";
  28 | import { EvidenceModal } from "./EvidenceModal";



Import trace:
  Server Component:
    ./OneDrive/Desktop/Innovera/Rapid Prototyping/viktor/components/CaseView.tsx
    ./OneDrive/Desktop/Innovera/Rapid Prototyping/viktor/app/case/[id]/page.tsx

https://nextjs.org/docs/messages/module-not-found


    at <unknown> (Error: ./OneDrive/Desktop/Innovera/Rapid Prototyping/viktor/components/CaseView.tsx:25:1)
    at <unknown> (https://nextjs.org/docs/messages/module-not-found)
    at Object.getCompilationErrors (file://C:\Users\hweth\OneDrive\Desktop\Innovera\Rapid Prototyping\viktor\node_modules\next\dist\server\dev\hot-reloader-turbopack.js:1186:59)
    at DevBundlerService.getCompilationError (file://C:\Users\hweth\OneDrive\Desktop\Innovera\Rapid Prototyping\viktor\node_modules\next\dist\server\lib\dev-bundler-service.js:44:55)
    at DevServer.getCompilationError (file://C:\Users\hweth\OneDrive\Desktop\Innovera\Rapid Prototyping\viktor\node_modules\next\dist\server\dev\next-dev-server.js:719:42)
    at DevServer.findPageComponents (file://C:\Users\hweth\OneDrive\Desktop\Innovera\Rapid Prototyping\viktor\node_modules\next\dist\server\dev\next-dev-server.js:689:43)
    at async DevServer.renderErrorToResponseImpl (file://C:\Users\hweth\OneDrive\Desktop\Innovera\Rapid Prototyping\viktor\node_modules\next\dist\server\base-server.js:1745:26)
[  190801ms] [LOG] [HMR] connected @ http://localhost:3000/_next/static/chunks/01.s_next_dist_0f_t5d.._.js:1226
[  190808ms] [ERROR] ./OneDrive/Desktop/Innovera/Rapid Prototyping/viktor/components/CaseView.tsx:25:1
Module not found: Can't resolve './KanbanBoard'
  23 | import type { RunStatus } from "@/lib/schema";
  24 | import { TreeCanvas } from "./TreeCanvas";
> 25 | import { KanbanBoard } from "./KanbanBoard";
     | ^^^^^^^^^^^^^^^^^^^^^^^^^^^^^^^^^^^^^^^^^^^^
  26 | import { HypothesisDrilldown } from "./HypothesisDrilldown";
  27 | import { EvidenceList } from "./EvidenceList";
  28 | import { EvidenceModal } from "./EvidenceModal";

Import trace:
  Server Component:
    ./OneDrive/Desktop/Innovera/Rapid Prototyping/viktor/components/CaseView.tsx
    ./OneDrive/Desktop/Innovera/Rapid Prototyping/viktor/app/case/[id]/page.tsx

https://nextjs.org/docs/messages/module-not-found @ http://localhost:3000/_next/static/chunks/01.s_next_dist_0f_t5d.._.js:1945
[  190876ms] [ERROR] ./OneDrive/Desktop/Innovera/Rapid Prototyping/viktor/components/CaseView.tsx:25:1
Module not found: Can't resolve './KanbanBoard'
  23 | import type { RunStatus } from "@/lib/schema";
  24 | import { TreeCanvas } from "./TreeCanvas";
> 25 | import { KanbanBoard } from "./KanbanBoard";
     | ^^^^^^^^^^^^^^^^^^^^^^^^^^^^^^^^^^^^^^^^^^^^
  26 | import { HypothesisDrilldown } from "./HypothesisDrilldown";
  27 | import { EvidenceList } from "./EvidenceList";
  28 | import { EvidenceModal } from "./EvidenceModal";

Import trace:
  Server Component:
    ./OneDrive/Desktop/Innovera/Rapid Prototyping/viktor/components/CaseView.tsx
    ./OneDrive/Desktop/Innovera/Rapid Prototyping/viktor/app/case/[id]/page.tsx

https://nextjs.org/docs/messages/module-not-found @ http://localhost:3000/_next/static/chunks/01.s_next_dist_0f_t5d.._.js:1945
[  190911ms] [LOG] [Fast Refresh] rebuilding @ http://localhost:3000/_next/static/chunks/01.s_next_dist_0f_t5d.._.js:1226
[  191392ms] [ERROR] ./OneDrive/Desktop/Innovera/Rapid Prototyping/viktor/components/CaseView.tsx:25:1
Module not found: Can't resolve './KanbanBoard'
  23 | import type { RunStatus } from "@/lib/schema";
  24 | import { TreeCanvas } from "./TreeCanvas";
> 25 | import { KanbanBoard } from "./KanbanBoard";
     | ^^^^^^^^^^^^^^^^^^^^^^^^^^^^^^^^^^^^^^^^^^^^
  26 | import { HypothesisDrilldown } from "./HypothesisDrilldown";
  27 | import { EvidenceList } from "./EvidenceList";
  28 | import { EvidenceModal } from "./EvidenceModal";

Import trace:
  Server Component:
    ./OneDrive/Desktop/Innovera/Rapid Prototyping/viktor/components/CaseView.tsx
    ./OneDrive/Desktop/Innovera/Rapid Prototyping/viktor/app/case/[id]/page.tsx

https://nextjs.org/docs/messages/module-not-found @ http://localhost:3000/_next/static/chunks/01.s_next_dist_0f_t5d.._.js:1945
[  191439ms] [ERROR] ./OneDrive/Desktop/Innovera/Rapid Prototyping/viktor/components/CaseView.tsx:25:1
Module not found: Can't resolve './KanbanBoard'
  23 | import type { RunStatus } from "@/lib/schema";
  24 | import { TreeCanvas } from "./TreeCanvas";
> 25 | import { KanbanBoard } from "./KanbanBoard";
     | ^^^^^^^^^^^^^^^^^^^^^^^^^^^^^^^^^^^^^^^^^^^^
  26 | import { HypothesisDrilldown } from "./HypothesisDrilldown";
  27 | import { EvidenceList } from "./EvidenceList";
  28 | import { EvidenceModal } from "./EvidenceModal";

Import trace:
  Server Component:
    ./OneDrive/Desktop/Innovera/Rapid Prototyping/viktor/components/CaseView.tsx
    ./OneDrive/Desktop/Innovera/Rapid Prototyping/viktor/app/case/[id]/page.tsx

https://nextjs.org/docs/messages/module-not-found @ http://localhost:3000/_next/static/chunks/01.s_next_dist_0f_t5d.._.js:1945
[  191515ms] [LOG] [Fast Refresh] rebuilding @ http://localhost:3000/_next/static/chunks/01.s_next_dist_0f_t5d.._.js:1226
[  221231ms] [ERROR] ./OneDrive/Desktop/Innovera/Rapid Prototyping/viktor/components/CaseView.tsx:25:1
Module not found: Can't resolve './KanbanBoard'
  23 | import type { RunStatus } from "@/lib/schema";
  24 | import { TreeCanvas } from "./TreeCanvas";
> 25 | import { KanbanBoard } from "./KanbanBoard";
     | ^^^^^^^^^^^^^^^^^^^^^^^^^^^^^^^^^^^^^^^^^^^^
  26 | import { HypothesisDrilldown } from "./HypothesisDrilldown";
  27 | import { EvidenceList } from "./EvidenceList";
  28 | import { EvidenceModal } from "./EvidenceModal";

Import trace:
  Server Component:
    ./OneDrive/Desktop/Innovera/Rapid Prototyping/viktor/components/CaseView.tsx
    ./OneDrive/Desktop/Innovera/Rapid Prototyping/viktor/app/case/[id]/page.tsx

https://nextjs.org/docs/messages/module-not-found @ http://localhost:3000/_next/static/chunks/01.s_next_dist_0f_t5d.._.js:1945
[  221261ms] [LOG] [Fast Refresh] rebuilding @ http://localhost:3000/_next/static/chunks/01.s_next_dist_0f_t5d.._.js:1226
[  247056ms] [LOG] [Fast Refresh] rebuilding @ http://localhost:3000/_next/static/chunks/01.s_next_dist_0f_t5d.._.js:1226
[  248970ms] [LOG] [Fast Refresh] done in 2017ms @ http://localhost:3000/_next/static/chunks/01.s_next_dist_0f_t5d.._.js:1226
[  249130ms] [LOG] [Fast Refresh] rebuilding @ http://localhost:3000/_next/static/chunks/01.s_next_dist_0f_t5d.._.js:1226
[  249397ms] [LOG] [Fast Refresh] done in 373ms @ http://localhost:3000/_next/static/chunks/01.s_next_dist_0f_t5d.._.js:1226
[  249516ms] [LOG] [Fast Refresh] rebuilding @ http://localhost:3000/_next/static/chunks/01.s_next_dist_0f_t5d.._.js:1226
[  250085ms] [LOG] [Fast Refresh] done in 679ms @ http://localhost:3000/_next/static/chunks/01.s_next_dist_0f_t5d.._.js:1226
[  250219ms] [INFO] %cDownload the React DevTools for a better development experience: https://react.dev/link/react-devtools font-weight:bold @ http://localhost:3000/_next/static/chunks/01.s_next_dist_09bvr7k._.js:2431
[  250250ms] [LOG] [HMR] connected @ http://localhost:3000/_next/static/chunks/01.s_next_dist_09bvr7k._.js:2431
[  251243ms] [WARNING] [React Flow]: It looks like you've created a new nodeTypes or edgeTypes object. If this wasn't on purpose please define the nodeTypes/edgeTypes outside of the component or memoize them. Help: https://reactflow.dev/error#002 @ http://localhost:3000/_next/static/chunks/01.s_next_dist_09bvr7k._.js:2431
[  251244ms] [WARNING] [React Flow]: It looks like you've created a new nodeTypes or edgeTypes object. If this wasn't on purpose please define the nodeTypes/edgeTypes outside of the component or memoize them. Help: https://reactflow.dev/error#002 @ http://localhost:3000/_next/static/chunks/01.s_next_dist_09bvr7k._.js:2431
[  251384ms] [LOG] [Fast Refresh] rebuilding @ http://localhost:3000/_next/static/chunks/01.s_next_dist_09bvr7k._.js:2431
[  251423ms] [LOG] [Fast Refresh] done in 140ms @ http://localhost:3000/_next/static/chunks/01.s_next_dist_09bvr7k._.js:2431
[  251668ms] [LOG] [Fast Refresh] rebuilding @ http://localhost:3000/_next/static/chunks/01.s_next_dist_09bvr7k._.js:2431
[  251673ms] [LOG] [Fast Refresh] done in 109ms @ http://localhost:3000/_next/static/chunks/01.s_next_dist_09bvr7k._.js:2431
[  251776ms] [LOG] [Fast Refresh] rebuilding @ http://localhost:3000/_next/static/chunks/01.s_next_dist_09bvr7k._.js:2431
[  252142ms] [LOG] [Fast Refresh] done in 468ms @ http://localhost:3000/_next/static/chunks/01.s_next_dist_09bvr7k._.js:2431
[  254627ms] [LOG] [Fast Refresh] rebuilding @ http://localhost:3000/_next/static/chunks/01.s_next_dist_09bvr7k._.js:2431
[  254702ms] [LOG] [Fast Refresh] done in 176ms @ http://localhost:3000/_next/static/chunks/01.s_next_dist_09bvr7k._.js:2431
[  256494ms] [LOG] [Fast Refresh] rebuilding @ http://localhost:3000/_next/static/chunks/01.s_next_dist_09bvr7k._.js:2431
[  257629ms] [LOG] [Fast Refresh] done in 1242ms @ http://localhost:3000/_next/static/chunks/01.s_next_dist_09bvr7k._.js:2431
[  257732ms] [LOG] [Fast Refresh] rebuilding @ http://localhost:3000/_next/static/chunks/01.s_next_dist_09bvr7k._.js:2431
[  258577ms] [LOG] [Fast Refresh] done in 948ms @ http://localhost:3000/_next/static/chunks/01.s_next_dist_09bvr7k._.js:2431
[  258699ms] [LOG] [Fast Refresh] rebuilding @ http://localhost:3000/_next/static/chunks/01.s_next_dist_09bvr7k._.js:2431
[  258833ms] [LOG] [Fast Refresh] done in 240ms @ http://localhost:3000/_next/static/chunks/01.s_next_dist_09bvr7k._.js:2431
[  260239ms] [LOG] [Fast Refresh] rebuilding @ http://localhost:3000/_next/static/chunks/01.s_next_dist_09bvr7k._.js:2431
[  260561ms] [LOG] [Fast Refresh] done in 428ms @ http://localhost:3000/_next/static/chunks/01.s_next_dist_09bvr7k._.js:2431
[  261015ms] [LOG] [Fast Refresh] rebuilding @ http://localhost:3000/_next/static/chunks/01.s_next_dist_09bvr7k._.js:2431
[  261069ms] [LOG] [Fast Refresh] done in 165ms @ http://localhost:3000/_next/static/chunks/01.s_next_dist_09bvr7k._.js:2431
[  261293ms] [LOG] [Fast Refresh] rebuilding @ http://localhost:3000/_next/static/chunks/01.s_next_dist_09bvr7k._.js:2431
[  261543ms] [LOG] [Fast Refresh] done in 355ms @ http://localhost:3000/_next/static/chunks/01.s_next_dist_09bvr7k._.js:2431
