[     654ms] [INFO] %cDownload the React DevTools for a better development experience: https://react.dev/link/react-devtools font-weight:bold @ http://localhost:3000/_next/static/chunks/01.s_next_dist_09bvr7k._.js:2431
[     821ms] [LOG] [HMR] connected @ http://localhost:3000/_next/static/chunks/01.s_next_dist_09bvr7k._.js:2431
[     971ms] [ERROR] Failed to load resource: the server responded with a status of 404 (Not Found) @ http://localhost:3000/favicon.ico:0
[    1856ms] [LOG] [Fast Refresh] rebuilding @ http://localhost:3000/_next/static/chunks/01.s_next_dist_09bvr7k._.js:2431
[    2095ms] [LOG] [Fast Refresh] done in 343ms @ http://localhost:3000/_next/static/chunks/01.s_next_dist_09bvr7k._.js:2431
[   43473ms] [WARNING] [React Flow]: It looks like you've created a new nodeTypes or edgeTypes object. If this wasn't on purpose please define the nodeTypes/edgeTypes outside of the component or memoize them. Help: https://reactflow.dev/error#002 @ http://localhost:3000/_next/static/chunks/01.s_next_dist_09bvr7k._.js:2431
[   43474ms] [WARNING] [React Flow]: It looks like you've created a new nodeTypes or edgeTypes object. If this wasn't on purpose please define the nodeTypes/edgeTypes outside of the component or memoize them. Help: https://reactflow.dev/error#002 @ http://localhost:3000/_next/static/chunks/01.s_next_dist_09bvr7k._.js:2431
[  278660ms] [LOG] [Fast Refresh] rebuilding @ http://localhost:3000/_next/static/chunks/01.s_next_dist_09bvr7k._.js:2431
[  279205ms] [LOG] [Fast Refresh] done in 637ms @ http://localhost:3000/_next/static/chunks/01.s_next_dist_09bvr7k._.js:2431
[  279322ms] [LOG] [Fast Refresh] rebuilding @ http://localhost:3000/_next/static/chunks/01.s_next_dist_09bvr7k._.js:2431
[  280097ms] [LOG] [Fast Refresh] done in 882ms @ http://localhost:3000/_next/static/chunks/01.s_next_dist_09bvr7k._.js:2431
[  280309ms] [LOG] [Fast Refresh] rebuilding @ http://localhost:3000/_next/static/chunks/01.s_next_dist_09bvr7k._.js:2431
[  280779ms] [LOG] [Fast Refresh] done in 573ms @ http://localhost:3000/_next/static/chunks/01.s_next_dist_09bvr7k._.js:2431
[  287785ms] [LOG] [Fast Refresh] rebuilding @ http://localhost:3000/_next/static/chunks/01.s_next_dist_09bvr7k._.js:2431
[  288272ms] [LOG] [Fast Refresh] done in 585ms @ http://localhost:3000/_next/static/chunks/01.s_next_dist_09bvr7k._.js:2431
[  288409ms] [LOG] [Fast Refresh] rebuilding @ http://localhost:3000/_next/static/chunks/01.s_next_dist_09bvr7k._.js:2431
[  288853ms] [LOG] [Fast Refresh] done in 554ms @ http://localhost:3000/_next/static/chunks/01.s_next_dist_09bvr7k._.js:2431
[  288993ms] [LOG] [Fast Refresh] rebuilding @ http://localhost:3000/_next/static/chunks/01.s_next_dist_09bvr7k._.js:2431
[  289139ms] [LOG] [Fast Refresh] done in 251ms @ http://localhost:3000/_next/static/chunks/01.s_next_dist_09bvr7k._.js:2431
[  289242ms] [LOG] [Fast Refresh] rebuilding @ http://localhost:3000/_next/static/chunks/01.s_next_dist_09bvr7k._.js:2431
[  289373ms] [LOG] [Fast Refresh] done in 233ms @ http://localhost:3000/_next/static/chunks/01.s_next_dist_09bvr7k._.js:2431
[  294986ms] [LOG] [Fast Refresh] rebuilding @ http://localhost:3000/_next/static/chunks/01.s_next_dist_09bvr7k._.js:2431
[  295474ms] [LOG] [Fast Refresh] done in 586ms @ http://localhost:3000/_next/static/chunks/01.s_next_dist_09bvr7k._.js:2431
[  295593ms] [LOG] [Fast Refresh] rebuilding @ http://localhost:3000/_next/static/chunks/01.s_next_dist_09bvr7k._.js:2431
[  296019ms] [LOG] [Fast Refresh] done in 531ms @ http://localhost:3000/_next/static/chunks/01.s_next_dist_09bvr7k._.js:2431
[  296174ms] [LOG] [Fast Refresh] rebuilding @ http://localhost:3000/_next/static/chunks/01.s_next_dist_09bvr7k._.js:2431
[  296570ms] [LOG] [Fast Refresh] done in 505ms @ http://localhost:3000/_next/static/chunks/01.s_next_dist_09bvr7k._.js:2431
[  300790ms] [LOG] [Fast Refresh] rebuilding @ http://localhost:3000/_next/static/chunks/01.s_next_dist_09bvr7k._.js:2431
[  301294ms] [LOG] [Fast Refresh] done in 603ms @ http://localhost:3000/_next/static/chunks/01.s_next_dist_09bvr7k._.js:2431
[  301405ms] [LOG] [Fast Refresh] rebuilding @ http://localhost:3000/_next/static/chunks/01.s_next_dist_09bvr7k._.js:2431
[  301852ms] [LOG] [Fast Refresh] done in 553ms @ http://localhost:3000/_next/static/chunks/01.s_next_dist_09bvr7k._.js:2431
[  433542ms] [LOG] [Fast Refresh] rebuilding @ http://localhost:3000/_next/static/chunks/01.s_next_dist_09bvr7k._.js:2431
[  434340ms] [LOG] [Fast Refresh] done in 849ms @ http://localhost:3000/_next/static/chunks/01.s_next_dist_09bvr7k._.js:2431
[  434459ms] [LOG] [Fast Refresh] rebuilding @ http://localhost:3000/_next/static/chunks/01.s_next_dist_09bvr7k._.js:2431
[  435066ms] [LOG] [Fast Refresh] done in 721ms @ http://localhost:3000/_next/static/chunks/01.s_next_dist_09bvr7k._.js:2431
[  435227ms] [LOG] [Fast Refresh] rebuilding @ http://localhost:3000/_next/static/chunks/01.s_next_dist_09bvr7k._.js:2431
[  435954ms] [LOG] [Fast Refresh] done in 833ms @ http://localhost:3000/_next/static/chunks/01.s_next_dist_09bvr7k._.js:2431
[  442252ms] [LOG] [Fast Refresh] rebuilding @ http://localhost:3000/_next/static/chunks/01.s_next_dist_09bvr7k._.js:2431
[  442510ms] [LOG] [Fast Refresh] done in 359ms @ http://localhost:3000/_next/static/chunks/01.s_next_dist_09bvr7k._.js:2431
[  442611ms] [LOG] [Fast Refresh] rebuilding @ http://localhost:3000/_next/static/chunks/01.s_next_dist_09bvr7k._.js:2431
[  443794ms] [LOG] [Fast Refresh] done in 1223ms @ http://localhost:3000/_next/static/chunks/01.s_next_dist_09bvr7k._.js:2431
[  443909ms] [LOG] [Fast Refresh] rebuilding @ http://localhost:3000/_next/static/chunks/01.s_next_dist_09bvr7k._.js:2431
[  444757ms] [LOG] [Fast Refresh] done in 952ms @ http://localhost:3000/_next/static/chunks/01.s_next_dist_09bvr7k._.js:2431
[  444875ms] [LOG] [Fast Refresh] rebuilding @ http://localhost:3000/_next/static/chunks/01.s_next_dist_09bvr7k._.js:2431
[  445303ms] [LOG] [Fast Refresh] done in 532ms @ http://localhost:3000/_next/static/chunks/01.s_next_dist_09bvr7k._.js:2431
[  445926ms] [LOG] [Fast Refresh] rebuilding @ http://localhost:3000/_next/static/chunks/01.s_next_dist_09bvr7k._.js:2431
[  446197ms] [LOG] [Fast Refresh] done in 374ms @ http://localhost:3000/_next/static/chunks/01.s_next_dist_09bvr7k._.js:2431
[  448579ms] [LOG] [Fast Refresh] rebuilding @ http://localhost:3000/_next/static/chunks/01.s_next_dist_09bvr7k._.js:2431
[  449442ms] [LOG] [Fast Refresh] done in 959ms @ http://localhost:3000/_next/static/chunks/01.s_next_dist_09bvr7k._.js:2431
[  449576ms] [LOG] [Fast Refresh] rebuilding @ http://localhost:3000/_next/static/chunks/01.s_next_dist_09bvr7k._.js:2431
[  450299ms] [LOG] [Fast Refresh] done in 825ms @ http://localhost:3000/_next/static/chunks/01.s_next_dist_09bvr7k._.js:2431
[  453158ms] [LOG] [Fast Refresh] rebuilding @ http://localhost:3000/_next/static/chunks/01.s_next_dist_09bvr7k._.js:2431
[  453643ms] [LOG] [Fast Refresh] done in 586ms @ http://localhost:3000/_next/static/chunks/01.s_next_dist_09bvr7k._.js:2431
[  453774ms] [LOG] [Fast Refresh] rebuilding @ http://localhost:3000/_next/static/chunks/01.s_next_dist_09bvr7k._.js:2431
[  454426ms] [LOG] [Fast Refresh] done in 763ms @ http://localhost:3000/_next/static/chunks/01.s_next_dist_09bvr7k._.js:2431
[  454559ms] [LOG] [Fast Refresh] rebuilding @ http://localhost:3000/_next/static/chunks/01.s_next_dist_09bvr7k._.js:2431
[  454893ms] [LOG] [Fast Refresh] done in 443ms @ http://localhost:3000/_next/static/chunks/01.s_next_dist_09bvr7k._.js:2431
[  458413ms] [LOG] [Fast Refresh] rebuilding @ http://localhost:3000/_next/static/chunks/01.s_next_dist_09bvr7k._.js:2431
[  459327ms] [LOG] [Fast Refresh] done in 1011ms @ http://localhost:3000/_next/static/chunks/01.s_next_dist_09bvr7k._.js:2431
[  459476ms] [LOG] [Fast Refresh] rebuilding @ http://localhost:3000/_next/static/chunks/01.s_next_dist_09bvr7k._.js:2431
[  460483ms] [LOG] [Fast Refresh] done in 1108ms @ http://localhost:3000/_next/static/chunks/01.s_next_dist_09bvr7k._.js:2431
[  466872ms] [LOG] [Fast Refresh] rebuilding @ http://localhost:3000/_next/static/chunks/01.s_next_dist_09bvr7k._.js:2431
[  467738ms] [LOG] [Fast Refresh] done in 965ms @ http://localhost:3000/_next/static/chunks/01.s_next_dist_09bvr7k._.js:2431
[  467860ms] [LOG] [Fast Refresh] rebuilding @ http://localhost:3000/_next/static/chunks/01.s_next_dist_09bvr7k._.js:2431
[  468807ms] [LOG] [Fast Refresh] done in 1049ms @ http://localhost:3000/_next/static/chunks/01.s_next_dist_09bvr7k._.js:2431
[  468945ms] [LOG] [Fast Refresh] rebuilding @ http://localhost:3000/_next/static/chunks/01.s_next_dist_09bvr7k._.js:2431
[  469515ms] [LOG] [Fast Refresh] done in 670ms @ http://localhost:3000/_next/static/chunks/01.s_next_dist_09bvr7k._.js:2431
[  481239ms] [LOG] [Fast Refresh] rebuilding @ http://localhost:3000/_next/static/chunks/01.s_next_dist_09bvr7k._.js:2431
[  482000ms] [LOG] [Fast Refresh] done in 860ms @ http://localhost:3000/_next/static/chunks/01.s_next_dist_09bvr7k._.js:2431
[  482126ms] [LOG] [Fast Refresh] rebuilding @ http://localhost:3000/_next/static/chunks/01.s_next_dist_09bvr7k._.js:2431
[  482877ms] [LOG] [Fast Refresh] done in 858ms @ http://localhost:3000/_next/static/chunks/01.s_next_dist_09bvr7k._.js:2431
[  501435ms] [LOG] [Fast Refresh] rebuilding @ http://localhost:3000/_next/static/chunks/01.s_next_dist_09bvr7k._.js:2431
[  502219ms] [LOG] [Fast Refresh] done in 882ms @ http://localhost:3000/_next/static/chunks/01.s_next_dist_09bvr7k._.js:2431
[  502361ms] [LOG] [Fast Refresh] rebuilding @ http://localhost:3000/_next/static/chunks/01.s_next_dist_09bvr7k._.js:2431
[  503133ms] [LOG] [Fast Refresh] done in 886ms @ http://localhost:3000/_next/static/chunks/01.s_next_dist_09bvr7k._.js:2431
[  503277ms] [LOG] [Fast Refresh] rebuilding @ http://localhost:3000/_next/static/chunks/01.s_next_dist_09bvr7k._.js:2431
[  503760ms] [LOG] [Fast Refresh] done in 588ms @ http://localhost:3000/_next/static/chunks/01.s_next_dist_09bvr7k._.js:2431
[  813800ms] [LOG] [Fast Refresh] rebuilding @ http://localhost:3000/_next/static/chunks/01.s_next_dist_09bvr7k._.js:2431
[  815806ms] [LOG] [Fast Refresh] done in 2142ms @ http://localhost:3000/_next/static/chunks/01.s_next_dist_09bvr7k._.js:2431
[  908027ms] [LOG] [Fast Refresh] rebuilding @ http://localhost:3000/_next/static/chunks/01.s_next_dist_09bvr7k._.js:2431
[  908244ms] [LOG] [Fast Refresh] done in 323ms @ http://localhost:3000/_next/static/chunks/01.s_next_dist_09bvr7k._.js:2431
[  910211ms] [LOG] [Fast Refresh] rebuilding @ http://localhost:3000/_next/static/chunks/01.s_next_dist_09bvr7k._.js:2431
[  910392ms] [LOG] [Fast Refresh] done in 296ms @ http://localhost:3000/_next/static/chunks/01.s_next_dist_09bvr7k._.js:2431
[  910896ms] [LOG] [Fast Refresh] rebuilding @ http://localhost:3000/_next/static/chunks/01.s_next_dist_09bvr7k._.js:2431
[  910951ms] [LOG] [Fast Refresh] done in 156ms @ http://localhost:3000/_next/static/chunks/01.s_next_dist_09bvr7k._.js:2431
[  911775ms] [LOG] [Fast Refresh] rebuilding @ http://localhost:3000/_next/static/chunks/01.s_next_dist_09bvr7k._.js:2431
[  911816ms] [LOG] [Fast Refresh] done in 156ms @ http://localhost:3000/_next/static/chunks/01.s_next_dist_09bvr7k._.js:2431
[  912119ms] [LOG] [Fast Refresh] rebuilding @ http://localhost:3000/_next/static/chunks/01.s_next_dist_09bvr7k._.js:2431
[  912141ms] [LOG] [Fast Refresh] done in 123ms @ http://localhost:3000/_next/static/chunks/01.s_next_dist_09bvr7k._.js:2431
[ 1197028ms] [LOG] [Fast Refresh] rebuilding @ http://localhost:3000/_next/static/chunks/01.s_next_dist_09bvr7k._.js:2431
[ 1197109ms] [LOG] [Fast Refresh] done in 186ms @ http://localhost:3000/_next/static/chunks/01.s_next_dist_09bvr7k._.js:2431
[ 1224105ms] [LOG] [Fast Refresh] rebuilding @ http://localhost:3000/_next/static/chunks/01.s_next_dist_09bvr7k._.js:2431
[ 1224130ms] [LOG] [Fast Refresh] done in 136ms @ http://localhost:3000/_next/static/chunks/01.s_next_dist_09bvr7k._.js:2431
[ 1238169ms] [LOG] [Fast Refresh] rebuilding @ http://localhost:3000/_next/static/chunks/01.s_next_dist_09bvr7k._.js:2431
[ 1238217ms] [LOG] [Fast Refresh] done in 159ms @ http://localhost:3000/_next/static/chunks/01.s_next_dist_09bvr7k._.js:2431
[ 1257994ms] [LOG] [Fast Refresh] rebuilding @ http://localhost:3000/_next/static/chunks/01.s_next_dist_09bvr7k._.js:2431
[ 1258017ms] [LOG] [Fast Refresh] done in 125ms @ http://localhost:3000/_next/static/chunks/01.s_next_dist_09bvr7k._.js:2431
[ 1259603ms] [LOG] [Fast Refresh] rebuilding @ http://localhost:3000/_next/static/chunks/01.s_next_dist_09bvr7k._.js:2431
[ 1259668ms] [LOG] [Fast Refresh] done in 175ms @ http://localhost:3000/_next/static/chunks/01.s_next_dist_09bvr7k._.js:2431
[ 1265136ms] [LOG] [Fast Refresh] rebuilding @ http://localhost:3000/_next/static/chunks/01.s_next_dist_09bvr7k._.js:2431
[ 1265170ms] [LOG] [Fast Refresh] done in 233ms @ http://localhost:3000/_next/static/chunks/01.s_next_dist_09bvr7k._.js:2431
[ 1291746ms] [LOG] [Fast Refresh] rebuilding @ http://localhost:3000/_next/static/chunks/01.s_next_dist_09bvr7k._.js:2431
[ 1292508ms] [LOG] [Fast Refresh] done in 864ms @ http://localhost:3000/_next/static/chunks/01.s_next_dist_09bvr7k._.js:2431
[ 1300915ms] [LOG] [Fast Refresh] rebuilding @ http://localhost:3000/_next/static/chunks/01.s_next_dist_09bvr7k._.js:2431
[ 1301151ms] [LOG] [Fast Refresh] done in 338ms @ http://localhost:3000/_next/static/chunks/01.s_next_dist_09bvr7k._.js:2431
[ 1302691ms] [LOG] [Fast Refresh] rebuilding @ http://localhost:3000/_next/static/chunks/01.s_next_dist_09bvr7k._.js:2431
[ 1302815ms] [LOG] [Fast Refresh] done in 236ms @ http://localhost:3000/_next/static/chunks/01.s_next_dist_09bvr7k._.js:2431
[ 1347380ms] [LOG] [Fast Refresh] rebuilding @ http://localhost:3000/_next/static/chunks/01.s_next_dist_09bvr7k._.js:2431
[ 1347400ms] [LOG] [Fast Refresh] done in 129ms @ http://localhost:3000/_next/static/chunks/01.s_next_dist_09bvr7k._.js:2431
[ 1402554ms] [LOG] [Fast Refresh] rebuilding @ http://localhost:3000/_next/static/chunks/01.s_next_dist_09bvr7k._.js:2431
[ 1403204ms] [LOG] [Fast Refresh] done in 751ms @ http://localhost:3000/_next/static/chunks/01.s_next_dist_09bvr7k._.js:2431
[ 1403310ms] [LOG] [Fast Refresh] rebuilding @ http://localhost:3000/_next/static/chunks/01.s_next_dist_09bvr7k._.js:2431
[ 1404062ms] [LOG] [Fast Refresh] done in 856ms @ http://localhost:3000/_next/static/chunks/01.s_next_dist_09bvr7k._.js:2431
[ 1404269ms] [LOG] [Fast Refresh] rebuilding @ http://localhost:3000/_next/static/chunks/01.s_next_dist_09bvr7k._.js:2431
[ 1404292ms] [LOG] [Fast Refresh] done in 127ms @ http://localhost:3000/_next/static/chunks/01.s_next_dist_09bvr7k._.js:2431
[ 1404512ms] [LOG] [Fast Refresh] rebuilding @ http://localhost:3000/_next/static/chunks/01.s_next_dist_09bvr7k._.js:2431
[ 1404552ms] [LOG] [Fast Refresh] done in 142ms @ http://localhost:3000/_next/static/chunks/01.s_next_dist_09bvr7k._.js:2431
[ 1407573ms] [LOG] [Fast Refresh] rebuilding @ http://localhost:3000/_next/static/chunks/01.s_next_dist_09bvr7k._.js:2431
[ 1408355ms] [LOG] [Fast Refresh] done in 835ms @ http://localhost:3000/_next/static/chunks/01.s_next_dist_09bvr7k._.js:2431
[ 1408456ms] [LOG] [Fast Refresh] rebuilding @ http://localhost:3000/_next/static/chunks/01.s_next_dist_09bvr7k._.js:2431
[ 1409296ms] [LOG] [Fast Refresh] done in 940ms @ http://localhost:3000/_next/static/chunks/01.s_next_dist_09bvr7k._.js:2431
[ 1409461ms] [LOG] [Fast Refresh] rebuilding @ http://localhost:3000/_next/static/chunks/01.s_next_dist_09bvr7k._.js:2431
[ 1409935ms] [LOG] [Fast Refresh] done in 587ms @ http://localhost:3000/_next/static/chunks/01.s_next_dist_09bvr7k._.js:2431
[ 1410043ms] [LOG] [Fast Refresh] rebuilding @ http://localhost:3000/_next/static/chunks/01.s_next_dist_09bvr7k._.js:2431
[ 1410104ms] [LOG] [Fast Refresh] done in 169ms @ http://localhost:3000/_next/static/chunks/01.s_next_dist_09bvr7k._.js:2431
[ 1419630ms] [LOG] [Fast Refresh] rebuilding @ http://localhost:3000/_next/static/chunks/01.s_next_dist_09bvr7k._.js:2431
[ 1420479ms] [LOG] [Fast Refresh] done in 909ms @ http://localhost:3000/_next/static/chunks/01.s_next_dist_09bvr7k._.js:2431
[ 1420593ms] [LOG] [Fast Refresh] rebuilding @ http://localhost:3000/_next/static/chunks/01.s_next_dist_09bvr7k._.js:2431
[ 1421092ms] [LOG] [Fast Refresh] done in 611ms @ http://localhost:3000/_next/static/chunks/01.s_next_dist_09bvr7k._.js:2431
[ 1421245ms] [LOG] [Fast Refresh] rebuilding @ http://localhost:3000/_next/static/chunks/01.s_next_dist_09bvr7k._.js:2431
[ 1421512ms] [LOG] [Fast Refresh] done in 380ms @ http://localhost:3000/_next/static/chunks/01.s_next_dist_09bvr7k._.js:2431
[ 1421644ms] [LOG] [Fast Refresh] rebuilding @ http://localhost:3000/_next/static/chunks/01.s_next_dist_09bvr7k._.js:2431
[ 1421648ms] [LOG] [Fast Refresh] done in 108ms @ http://localhost:3000/_next/static/chunks/01.s_next_dist_09bvr7k._.js:2431
[ 1427959ms] [LOG] [Fast Refresh] rebuilding @ http://localhost:3000/_next/static/chunks/01.s_next_dist_09bvr7k._.js:2431
[ 1428794ms] [LOG] [Fast Refresh] done in 886ms @ http://localhost:3000/_next/static/chunks/01.s_next_dist_09bvr7k._.js:2431
[ 1428903ms] [LOG] [Fast Refresh] rebuilding @ http://localhost:3000/_next/static/chunks/01.s_next_dist_09bvr7k._.js:2431
[ 1429637ms] [LOG] [Fast Refresh] done in 840ms @ http://localhost:3000/_next/static/chunks/01.s_next_dist_09bvr7k._.js:2431
[ 1429784ms] [LOG] [Fast Refresh] rebuilding @ http://localhost:3000/_next/static/chunks/01.s_next_dist_09bvr7k._.js:2431
[ 1430233ms] [LOG] [Fast Refresh] done in 552ms @ http://localhost:3000/_next/static/chunks/01.s_next_dist_09bvr7k._.js:2431
[ 1437694ms] [LOG] [Fast Refresh] rebuilding @ http://localhost:3000/_next/static/chunks/01.s_next_dist_09bvr7k._.js:2431
[ 1438574ms] [LOG] [Fast Refresh] done in 979ms @ http://localhost:3000/_next/static/chunks/01.s_next_dist_09bvr7k._.js:2431
[ 1438693ms] [LOG] [Fast Refresh] rebuilding @ http://localhost:3000/_next/static/chunks/01.s_next_dist_09bvr7k._.js:2431
[ 1439653ms] [LOG] [Fast Refresh] done in 1061ms @ http://localhost:3000/_next/static/chunks/01.s_next_dist_09bvr7k._.js:2431
[ 1439811ms] [LOG] [Fast Refresh] rebuilding @ http://localhost:3000/_next/static/chunks/01.s_next_dist_09bvr7k._.js:2431
[ 1440093ms] [LOG] [Fast Refresh] done in 387ms @ http://localhost:3000/_next/static/chunks/01.s_next_dist_09bvr7k._.js:2431
[ 1440205ms] [LOG] [Fast Refresh] rebuilding @ http://localhost:3000/_next/static/chunks/01.s_next_dist_09bvr7k._.js:2431
[ 1440507ms] [LOG] [Fast Refresh] done in 413ms @ http://localhost:3000/_next/static/chunks/01.s_next_dist_09bvr7k._.js:2431
[ 1441466ms] [LOG] [Fast Refresh] rebuilding @ http://localhost:3000/_next/static/chunks/01.s_next_dist_09bvr7k._.js:2431
[ 1442430ms] [LOG] [Fast Refresh] done in 1060ms @ http://localhost:3000/_next/static/chunks/01.s_next_dist_09bvr7k._.js:2431
[ 1442555ms] [LOG] [Fast Refresh] rebuilding @ http://localhost:3000/_next/static/chunks/01.s_next_dist_09bvr7k._.js:2431
[ 1443573ms] [LOG] [Fast Refresh] done in 1121ms @ http://localhost:3000/_next/static/chunks/01.s_next_dist_09bvr7k._.js:2431
[ 1446438ms] [LOG] [Fast Refresh] rebuilding @ http://localhost:3000/_next/static/chunks/01.s_next_dist_09bvr7k._.js:2431
[ 1447290ms] [LOG] [Fast Refresh] done in 948ms @ http://localhost:3000/_next/static/chunks/01.s_next_dist_09bvr7k._.js:2431
[ 1447410ms] [LOG] [Fast Refresh] rebuilding @ http://localhost:3000/_next/static/chunks/01.s_next_dist_09bvr7k._.js:2431
[ 1448370ms] [LOG] [Fast Refresh] done in 1061ms @ http://localhost:3000/_next/static/chunks/01.s_next_dist_09bvr7k._.js:2431
[ 1448527ms] [LOG] [Fast Refresh] rebuilding @ http://localhost:3000/_next/static/chunks/01.s_next_dist_09bvr7k._.js:2431
[ 1448749ms] [LOG] [Fast Refresh] done in 327ms @ http://localhost:3000/_next/static/chunks/01.s_next_dist_09bvr7k._.js:2431
[ 1448860ms] [LOG] [Fast Refresh] rebuilding @ http://localhost:3000/_next/static/chunks/01.s_next_dist_09bvr7k._.js:2431
[ 1449187ms] [LOG] [Fast Refresh] done in 436ms @ http://localhost:3000/_next/static/chunks/01.s_next_dist_09bvr7k._.js:2431
[ 1452324ms] [LOG] [Fast Refresh] rebuilding @ http://localhost:3000/_next/static/chunks/01.s_next_dist_09bvr7k._.js:2431
[ 1453130ms] [LOG] [Fast Refresh] done in 902ms @ http://localhost:3000/_next/static/chunks/01.s_next_dist_09bvr7k._.js:2431
[ 1453254ms] [LOG] [Fast Refresh] rebuilding @ http://localhost:3000/_next/static/chunks/01.s_next_dist_09bvr7k._.js:2431
[ 1454215ms] [LOG] [Fast Refresh] done in 1066ms @ http://localhost:3000/_next/static/chunks/01.s_next_dist_09bvr7k._.js:2431
[ 1454356ms] [LOG] [Fast Refresh] rebuilding @ http://localhost:3000/_next/static/chunks/01.s_next_dist_09bvr7k._.js:2431
[ 1454678ms] [LOG] [Fast Refresh] done in 425ms @ http://localhost:3000/_next/static/chunks/01.s_next_dist_09bvr7k._.js:2431
[ 1455410ms] [LOG] [Fast Refresh] rebuilding @ http://localhost:3000/_next/static/chunks/01.s_next_dist_09bvr7k._.js:2431
[ 1455686ms] [LOG] [Fast Refresh] done in 391ms @ http://localhost:3000/_next/static/chunks/01.s_next_dist_09bvr7k._.js:2431
[ 1456109ms] [LOG] [Fast Refresh] rebuilding @ http://localhost:3000/_next/static/chunks/01.s_next_dist_09bvr7k._.js:2431
[ 1456134ms] [LOG] [Fast Refresh] done in 134ms @ http://localhost:3000/_next/static/chunks/01.s_next_dist_09bvr7k._.js:2431
[ 1458638ms] [LOG] [Fast Refresh] rebuilding @ http://localhost:3000/_next/static/chunks/01.s_next_dist_09bvr7k._.js:2431
[ 1459495ms] [LOG] [Fast Refresh] done in 951ms @ http://localhost:3000/_next/static/chunks/01.s_next_dist_09bvr7k._.js:2431
[ 1459618ms] [LOG] [Fast Refresh] rebuilding @ http://localhost:3000/_next/static/chunks/01.s_next_dist_09bvr7k._.js:2431
[ 1460634ms] [LOG] [Fast Refresh] done in 1118ms @ http://localhost:3000/_next/static/chunks/01.s_next_dist_09bvr7k._.js:2431
[ 1460777ms] [LOG] [Fast Refresh] rebuilding @ http://localhost:3000/_next/static/chunks/01.s_next_dist_09bvr7k._.js:2431
[ 1461329ms] [LOG] [Fast Refresh] done in 662ms @ http://localhost:3000/_next/static/chunks/01.s_next_dist_09bvr7k._.js:2431
[ 1463570ms] [LOG] [Fast Refresh] rebuilding @ http://localhost:3000/_next/static/chunks/01.s_next_dist_09bvr7k._.js:2431
[ 1464440ms] [LOG] [Fast Refresh] done in 964ms @ http://localhost:3000/_next/static/chunks/01.s_next_dist_09bvr7k._.js:2431
[ 1464560ms] [LOG] [Fast Refresh] rebuilding @ http://localhost:3000/_next/static/chunks/01.s_next_dist_09bvr7k._.js:2431
[ 1465549ms] [LOG] [Fast Refresh] done in 1097ms @ http://localhost:3000/_next/static/chunks/01.s_next_dist_09bvr7k._.js:2431
[ 1465692ms] [LOG] [Fast Refresh] rebuilding @ http://localhost:3000/_next/static/chunks/01.s_next_dist_09bvr7k._.js:2431
[ 1466205ms] [LOG] [Fast Refresh] done in 622ms @ http://localhost:3000/_next/static/chunks/01.s_next_dist_09bvr7k._.js:2431
[ 1482648ms] [LOG] [Fast Refresh] rebuilding @ http://localhost:3000/_next/static/chunks/01.s_next_dist_09bvr7k._.js:2431
[ 1482731ms] [LOG] [Fast Refresh] done in 195ms @ http://localhost:3000/_next/static/chunks/01.s_next_dist_09bvr7k._.js:2431
[ 1484419ms] [LOG] [Fast Refresh] rebuilding @ http://localhost:3000/_next/static/chunks/01.s_next_dist_09bvr7k._.js:2431
[ 1485024ms] [LOG] [Fast Refresh] done in 698ms @ http://localhost:3000/_next/static/chunks/01.s_next_dist_09bvr7k._.js:2431
[ 1485141ms] [LOG] [Fast Refresh] rebuilding @ http://localhost:3000/_next/static/chunks/01.s_next_dist_09bvr7k._.js:2431
[ 1485609ms] [LOG] [Fast Refresh] done in 570ms @ http://localhost:3000/_next/static/chunks/01.s_next_dist_09bvr7k._.js:2431
[ 1485774ms] [LOG] [Fast Refresh] rebuilding @ http://localhost:3000/_next/static/chunks/01.s_next_dist_09bvr7k._.js:2431
[ 1486219ms] [LOG] [Fast Refresh] done in 550ms @ http://localhost:3000/_next/static/chunks/01.s_next_dist_09bvr7k._.js:2431
[ 1744375ms] [LOG] [Fast Refresh] rebuilding @ http://localhost:3000/_next/static/chunks/01.s_next_dist_09bvr7k._.js:2431
[ 1744731ms] [LOG] [Fast Refresh] done in 468ms @ http://localhost:3000/_next/static/chunks/01.s_next_dist_09bvr7k._.js:2431
[ 1745844ms] [LOG] [Fast Refresh] rebuilding @ http://localhost:3000/_next/static/chunks/01.s_next_dist_09bvr7k._.js:2431
[ 1745880ms] [LOG] [Fast Refresh] done in 140ms @ http://localhost:3000/_next/static/chunks/01.s_next_dist_09bvr7k._.js:2431
[ 1746355ms] [LOG] [Fast Refresh] rebuilding @ http://localhost:3000/_next/static/chunks/01.s_next_dist_09bvr7k._.js:2431
[ 1746367ms] [LOG] [Fast Refresh] done in 126ms @ http://localhost:3000/_next/static/chunks/01.s_next_dist_09bvr7k._.js:2431
[ 1954907ms] [LOG] [Fast Refresh] rebuilding @ http://localhost:3000/_next/static/chunks/01.s_next_dist_09bvr7k._.js:2431
[ 1955248ms] [LOG] [Fast Refresh] done in 441ms @ http://localhost:3000/_next/static/chunks/01.s_next_dist_09bvr7k._.js:2431
[ 2025802ms] [LOG] [Fast Refresh] rebuilding @ http://localhost:3000/_next/static/chunks/01.s_next_dist_09bvr7k._.js:2431
[ 2026253ms] [LOG] [Fast Refresh] done in 576ms @ http://localhost:3000/_next/static/chunks/01.s_next_dist_09bvr7k._.js:2431
[ 2091655ms] [LOG] [Fast Refresh] rebuilding @ http://localhost:3000/_next/static/chunks/01.s_next_dist_09bvr7k._.js:2431
[ 2091676ms] [LOG] [Fast Refresh] done in 131ms @ http://localhost:3000/_next/static/chunks/01.s_next_dist_09bvr7k._.js:2431
[ 2093808ms] [LOG] [Fast Refresh] rebuilding @ http://localhost:3000/_next/static/chunks/01.s_next_dist_09bvr7k._.js:2431
[ 2093833ms] [LOG] [Fast Refresh] done in 128ms @ http://localhost:3000/_next/static/chunks/01.s_next_dist_09bvr7k._.js:2431
[ 2851026ms] [LOG] [Fast Refresh] rebuilding @ http://localhost:3000/_next/static/chunks/01.s_next_dist_09bvr7k._.js:2431
[ 2851926ms] [LOG] [Fast Refresh] done in 1163ms @ http://localhost:3000/_next/static/chunks/01.s_next_dist_09bvr7k._.js:2431
[ 2852056ms] [LOG] [Fast Refresh] rebuilding @ http://localhost:3000/_next/static/chunks/01.s_next_dist_09bvr7k._.js:2431
[ 2853504ms] [LOG] [Fast Refresh] done in 1576ms @ http://localhost:3000/_next/static/chunks/01.s_next_dist_09bvr7k._.js:2431
[ 2933561ms] [LOG] [Fast Refresh] rebuilding @ http://localhost:3000/_next/static/chunks/01.s_next_dist_09bvr7k._.js:2431
[ 2933640ms] [LOG] [Fast Refresh] done in 152ms @ http://localhost:3000/_next/static/chunks/01.s_next_dist_09bvr7k._.js:2431
[ 2946524ms] [LOG] [Fast Refresh] rebuilding @ http://localhost:3000/_next/static/chunks/01.s_next_dist_09bvr7k._.js:2431
[ 2947010ms] [LOG] [Fast Refresh] done in 585ms @ http://localhost:3000/_next/static/chunks/01.s_next_dist_09bvr7k._.js:2431
[ 2947129ms] [LOG] [Fast Refresh] rebuilding @ http://localhost:3000/_next/static/chunks/01.s_next_dist_09bvr7k._.js:2431
[ 2947814ms] [LOG] [Fast Refresh] done in 788ms @ http://localhost:3000/_next/static/chunks/01.s_next_dist_09bvr7k._.js:2431
[ 2947946ms] [LOG] [Fast Refresh] rebuilding @ http://localhost:3000/_next/static/chunks/01.s_next_dist_09bvr7k._.js:2431
[ 2948085ms] [LOG] [Fast Refresh] done in 240ms @ http://localhost:3000/_next/static/chunks/01.s_next_dist_09bvr7k._.js:2431
[ 2955194ms] [LOG] [Fast Refresh] rebuilding @ http://localhost:3000/_next/static/chunks/01.s_next_dist_09bvr7k._.js:2431
[ 2955690ms] [LOG] [Fast Refresh] done in 593ms @ http://localhost:3000/_next/static/chunks/01.s_next_dist_09bvr7k._.js:2431
[ 2955811ms] [LOG] [Fast Refresh] rebuilding @ http://localhost:3000/_next/static/chunks/01.s_next_dist_09bvr7k._.js:2431
[ 2956271ms] [LOG] [Fast Refresh] done in 572ms @ http://localhost:3000/_next/static/chunks/01.s_next_dist_09bvr7k._.js:2431
[ 2959284ms] [LOG] [Fast Refresh] rebuilding @ http://localhost:3000/_next/static/chunks/01.s_next_dist_09bvr7k._.js:2431
[ 2960559ms] [LOG] [Fast Refresh] done in 1370ms @ http://localhost:3000/_next/static/chunks/01.s_next_dist_09bvr7k._.js:2431
[ 2960674ms] [LOG] [Fast Refresh] rebuilding @ http://localhost:3000/_next/static/chunks/01.s_next_dist_09bvr7k._.js:2431
[ 2961231ms] [LOG] [Fast Refresh] done in 668ms @ http://localhost:3000/_next/static/chunks/01.s_next_dist_09bvr7k._.js:2431
[ 2961368ms] [LOG] [Fast Refresh] rebuilding @ http://localhost:3000/_next/static/chunks/01.s_next_dist_09bvr7k._.js:2431
[ 2961406ms] [LOG] [Fast Refresh] done in 142ms @ http://localhost:3000/_next/static/chunks/01.s_next_dist_09bvr7k._.js:2431
[ 2995317ms] [LOG] [Fast Refresh] rebuilding @ http://localhost:3000/_next/static/chunks/01.s_next_dist_09bvr7k._.js:2431
[ 2995469ms] [LOG] [Fast Refresh] done in 254ms @ http://localhost:3000/_next/static/chunks/01.s_next_dist_09bvr7k._.js:2431
[ 3058657ms] [LOG] [Fast Refresh] rebuilding @ http://localhost:3000/_next/static/chunks/01.s_next_dist_09bvr7k._.js:2431
[ 3058793ms] [LOG] [Fast Refresh] done in 243ms @ http://localhost:3000/_next/static/chunks/01.s_next_dist_09bvr7k._.js:2431
[ 3103380ms] [ERROR] WebSocket connection to 'ws://localhost:3000/_next/webpack-hmr?id=-iHG6jEG0H7YvcBu40bcx' failed: Error in connection establishment: net::ERR_CONNECTION_REFUSED @ http://localhost:3000/_next/static/chunks/01.s_next_dist_client_0kff.~a._.js:13299
[ 3106747ms] [ERROR] WebSocket connection to 'ws://localhost:3000/_next/webpack-hmr?id=-iHG6jEG0H7YvcBu40bcx' failed: Error in connection establishment: net::ERR_CONNECTION_REFUSED @ http://localhost:3000/_next/static/chunks/01.s_next_dist_client_0kff.~a._.js:13299
[ 3110119ms] [ERROR] WebSocket connection to 'ws://localhost:3000/_next/webpack-hmr?id=-iHG6jEG0H7YvcBu40bcx' failed: Error in connection establishment: net::ERR_CONNECTION_REFUSED @ http://localhost:3000/_next/static/chunks/01.s_next_dist_client_0kff.~a._.js:13299
[ 3113475ms] [ERROR] WebSocket connection to 'ws://localhost:3000/_next/webpack-hmr?id=-iHG6jEG0H7YvcBu40bcx' failed: Error in connection establishment: net::ERR_CONNECTION_REFUSED @ http://localhost:3000/_next/static/chunks/01.s_next_dist_client_0kff.~a._.js:13299
[ 3119431ms] [LOG] [HMR] connected @ http://localhost:3000/_next/static/chunks/01.s_next_dist_09bvr7k._.js:2431
[ 3126465ms] [INFO] %cDownload the React DevTools for a better development experience: https://react.dev/link/react-devtools font-weight:bold @ http://localhost:3000/_next/static/chunks/01.s_next_dist_09bvr7k._.js:2431
[ 3126532ms] [LOG] [HMR] connected @ http://localhost:3000/_next/static/chunks/01.s_next_dist_09bvr7k._.js:2431
[ 3126660ms] [LOG] [Fast Refresh] rebuilding @ http://localhost:3000/_next/static/chunks/01.s_next_dist_09bvr7k._.js:2431
[ 3127156ms] [LOG] [Fast Refresh] done in 599ms @ http://localhost:3000/_next/static/chunks/01.s_next_dist_09bvr7k._.js:2431
[ 3127330ms] [LOG] [Fast Refresh] rebuilding @ http://localhost:3000/_next/static/chunks/01.s_next_dist_09bvr7k._.js:2431
[ 3127462ms] [LOG] [Fast Refresh] done in 233ms @ http://localhost:3000/_next/static/chunks/01.s_next_dist_09bvr7k._.js:2431
[ 3130095ms] [LOG] [Fast Refresh] rebuilding @ http://localhost:3000/_next/static/chunks/01.s_next_dist_09bvr7k._.js:2431
[ 3130366ms] [LOG] [Fast Refresh] done in 373ms @ http://localhost:3000/_next/static/chunks/01.s_next_dist_09bvr7k._.js:2431
[ 3151576ms] [LOG] [Fast Refresh] rebuilding @ http://localhost:3000/_next/static/chunks/01.s_next_dist_09bvr7k._.js:2431
[ 3200004ms] [LOG] [Fast Refresh] done in 48530ms @ http://localhost:3000/_next/static/chunks/01.s_next_dist_09bvr7k._.js:2431
[ 3215709ms] [LOG] [Fast Refresh] rebuilding @ http://localhost:3000/_next/static/chunks/01.s_next_dist_09bvr7k._.js:2431
[ 3215709ms] [LOG] [Fast Refresh] done in 108ms @ http://localhost:3000/_next/static/chunks/01.s_next_dist_09bvr7k._.js:2431
[ 3216298ms] [LOG] [Fast Refresh] rebuilding @ http://localhost:3000/_next/static/chunks/01.s_next_dist_09bvr7k._.js:2431
[ 3216481ms] [LOG] [Fast Refresh] done in 297ms @ http://localhost:3000/_next/static/chunks/01.s_next_dist_09bvr7k._.js:2431
[ 3222198ms] [LOG] [Fast Refresh] rebuilding @ http://localhost:3000/_next/static/chunks/01.s_next_dist_09bvr7k._.js:2431
[ 3222217ms] [LOG] [Fast Refresh] done in 128ms @ http://localhost:3000/_next/static/chunks/01.s_next_dist_09bvr7k._.js:2431
[ 3260902ms] [LOG] [Fast Refresh] rebuilding @ http://localhost:3000/_next/static/chunks/01.s_next_dist_09bvr7k._.js:2431
[ 3261076ms] [LOG] [Fast Refresh] done in 278ms @ http://localhost:3000/_next/static/chunks/01.s_next_dist_09bvr7k._.js:2431
[ 3268146ms] [LOG] [Fast Refresh] rebuilding @ http://localhost:3000/_next/static/chunks/01.s_next_dist_09bvr7k._.js:2431
[ 3268160ms] [LOG] [Fast Refresh] done in 128ms @ http://localhost:3000/_next/static/chunks/01.s_next_dist_09bvr7k._.js:2431
[ 3653969ms] [LOG] [Fast Refresh] rebuilding @ http://localhost:3000/_next/static/chunks/01.s_next_dist_09bvr7k._.js:2431
[ 3669876ms] [LOG] [Fast Refresh] done in 16018ms @ http://localhost:3000/_next/static/chunks/01.s_next_dist_09bvr7k._.js:2431
[ 3701294ms] [LOG] [Fast Refresh] rebuilding @ http://localhost:3000/_next/static/chunks/01.s_next_dist_09bvr7k._.js:2431
[ 3701307ms] [LOG] [Fast Refresh] done in 123ms @ http://localhost:3000/_next/static/chunks/01.s_next_dist_09bvr7k._.js:2431
[ 4818650ms] [LOG] [Fast Refresh] rebuilding @ http://localhost:3000/_next/static/chunks/01.s_next_dist_09bvr7k._.js:2431
[ 4818652ms] [LOG] [Fast Refresh] done in 115ms @ http://localhost:3000/_next/static/chunks/01.s_next_dist_09bvr7k._.js:2431
[ 4869307ms] [LOG] [Fast Refresh] done in 17060ms @ http://localhost:3000/_next/static/chunks/01.s_next_dist_09bvr7k._.js:2431
[ 4876465ms] [LOG] [Fast Refresh] rebuilding @ http://localhost:3000/_next/static/chunks/01.s_next_dist_09bvr7k._.js:2431
[ 4877088ms] [LOG] [Fast Refresh] done in 734ms @ http://localhost:3000/_next/static/chunks/01.s_next_dist_09bvr7k._.js:2431
[ 4877191ms] [LOG] [Fast Refresh] rebuilding @ http://localhost:3000/_next/static/chunks/01.s_next_dist_09bvr7k._.js:2431
[ 4877922ms] [LOG] [Fast Refresh] done in 831ms @ http://localhost:3000/_next/static/chunks/01.s_next_dist_09bvr7k._.js:2431
[ 4879120ms] [LOG] [Fast Refresh] rebuilding @ http://localhost:3000/_next/static/chunks/01.s_next_dist_09bvr7k._.js:2431
[ 4879189ms] [LOG] [Fast Refresh] done in 171ms @ http://localhost:3000/_next/static/chunks/01.s_next_dist_09bvr7k._.js:2431
[ 4879293ms] [LOG] [Fast Refresh] rebuilding @ http://localhost:3000/_next/static/chunks/01.s_next_dist_09bvr7k._.js:2431
[ 4879490ms] [LOG] [Fast Refresh] done in 299ms @ http://localhost:3000/_next/static/chunks/01.s_next_dist_09bvr7k._.js:2431
[ 4879640ms] [LOG] [Fast Refresh] rebuilding @ http://localhost:3000/_next/static/chunks/01.s_next_dist_09bvr7k._.js:2431
[ 4879809ms] [LOG] [Fast Refresh] done in 273ms @ http://localhost:3000/_next/static/chunks/01.s_next_dist_09bvr7k._.js:2431
[ 4880079ms] [LOG] [Fast Refresh] rebuilding @ http://localhost:3000/_next/static/chunks/01.s_next_dist_09bvr7k._.js:2431
[ 4880080ms] [LOG] [Fast Refresh] done in 106ms @ http://localhost:3000/_next/static/chunks/01.s_next_dist_09bvr7k._.js:2431
[ 4880210ms] [LOG] [Fast Refresh] rebuilding @ http://localhost:3000/_next/static/chunks/01.s_next_dist_09bvr7k._.js:2431
[ 4880219ms] [LOG] [Fast Refresh] done in 110ms @ http://localhost:3000/_next/static/chunks/01.s_next_dist_09bvr7k._.js:2431
[ 4880392ms] [LOG] [Fast Refresh] rebuilding @ http://localhost:3000/_next/static/chunks/01.s_next_dist_09bvr7k._.js:2431
[ 4880397ms] [LOG] [Fast Refresh] done in 114ms @ http://localhost:3000/_next/static/chunks/01.s_next_dist_09bvr7k._.js:2431
[ 4880514ms] [LOG] [Fast Refresh] rebuilding @ http://localhost:3000/_next/static/chunks/01.s_next_dist_09bvr7k._.js:2431
[ 4880669ms] [LOG] [Fast Refresh] done in 255ms @ http://localhost:3000/_next/static/chunks/01.s_next_dist_09bvr7k._.js:2431
[ 4880936ms] [LOG] [Fast Refresh] rebuilding @ http://localhost:3000/_next/static/chunks/01.s_next_dist_09bvr7k._.js:2431
[ 4880957ms] [LOG] [Fast Refresh] done in 124ms @ http://localhost:3000/_next/static/chunks/01.s_next_dist_09bvr7k._.js:2431
[ 4881100ms] [LOG] [Fast Refresh] rebuilding @ http://localhost:3000/_next/static/chunks/01.s_next_dist_09bvr7k._.js:2431
[ 4881110ms] [LOG] [Fast Refresh] done in 111ms @ http://localhost:3000/_next/static/chunks/01.s_next_dist_09bvr7k._.js:2431
[ 4881279ms] [LOG] [Fast Refresh] rebuilding @ http://localhost:3000/_next/static/chunks/01.s_next_dist_09bvr7k._.js:2431
[ 4881391ms] [LOG] [Fast Refresh] done in 215ms @ http://localhost:3000/_next/static/chunks/01.s_next_dist_09bvr7k._.js:2431
[ 4881507ms] [LOG] [Fast Refresh] rebuilding @ http://localhost:3000/_next/static/chunks/01.s_next_dist_09bvr7k._.js:2431
[ 4881552ms] [LOG] [Fast Refresh] done in 145ms @ http://localhost:3000/_next/static/chunks/01.s_next_dist_09bvr7k._.js:2431
[ 4882227ms] [LOG] [Fast Refresh] rebuilding @ http://localhost:3000/_next/static/chunks/01.s_next_dist_09bvr7k._.js:2431
[ 4882248ms] [LOG] [Fast Refresh] done in 129ms @ http://localhost:3000/_next/static/chunks/01.s_next_dist_09bvr7k._.js:2431
[ 4882675ms] [LOG] [Fast Refresh] rebuilding @ http://localhost:3000/_next/static/chunks/01.s_next_dist_09bvr7k._.js:2431
[ 4882858ms] [LOG] [Fast Refresh] done in 284ms @ http://localhost:3000/_next/static/chunks/01.s_next_dist_09bvr7k._.js:2431
[ 4883356ms] [LOG] [Fast Refresh] rebuilding @ http://localhost:3000/_next/static/chunks/01.s_next_dist_09bvr7k._.js:2431
[ 4883387ms] [LOG] [Fast Refresh] done in 131ms @ http://localhost:3000/_next/static/chunks/01.s_next_dist_09bvr7k._.js:2431
[ 4883611ms] [LOG] [Fast Refresh] rebuilding @ http://localhost:3000/_next/static/chunks/01.s_next_dist_09bvr7k._.js:2431
[ 4883663ms] [LOG] [Fast Refresh] done in 157ms @ http://localhost:3000/_next/static/chunks/01.s_next_dist_09bvr7k._.js:2431
[ 4883908ms] [LOG] [Fast Refresh] rebuilding @ http://localhost:3000/_next/static/chunks/01.s_next_dist_09bvr7k._.js:2431
[ 4883982ms] [LOG] [Fast Refresh] done in 174ms @ http://localhost:3000/_next/static/chunks/01.s_next_dist_09bvr7k._.js:2431
[ 4884393ms] [LOG] [Fast Refresh] rebuilding @ http://localhost:3000/_next/static/chunks/01.s_next_dist_09bvr7k._.js:2431
[ 4884429ms] [LOG] [Fast Refresh] done in 147ms @ http://localhost:3000/_next/static/chunks/01.s_next_dist_09bvr7k._.js:2431
[ 4885058ms] [LOG] [Fast Refresh] rebuilding @ http://localhost:3000/_next/static/chunks/01.s_next_dist_09bvr7k._.js:2431
[ 4885125ms] [LOG] [Fast Refresh] done in 171ms @ http://localhost:3000/_next/static/chunks/01.s_next_dist_09bvr7k._.js:2431
[ 4885240ms] [LOG] [Fast Refresh] rebuilding @ http://localhost:3000/_next/static/chunks/01.s_next_dist_09bvr7k._.js:2431
[ 4885249ms] [LOG] [Fast Refresh] done in 112ms @ http://localhost:3000/_next/static/chunks/01.s_next_dist_09bvr7k._.js:2431
[ 4885674ms] [LOG] [Fast Refresh] rebuilding @ http://localhost:3000/_next/static/chunks/01.s_next_dist_09bvr7k._.js:2431
[ 4885693ms] [LOG] [Fast Refresh] done in 120ms @ http://localhost:3000/_next/static/chunks/01.s_next_dist_09bvr7k._.js:2431
[ 4886147ms] [LOG] [Fast Refresh] rebuilding @ http://localhost:3000/_next/static/chunks/01.s_next_dist_09bvr7k._.js:2431
[ 4886160ms] [LOG] [Fast Refresh] done in 115ms @ http://localhost:3000/_next/static/chunks/01.s_next_dist_09bvr7k._.js:2431
[ 4886560ms] [LOG] [Fast Refresh] rebuilding @ http://localhost:3000/_next/static/chunks/01.s_next_dist_09bvr7k._.js:2431
[ 4886562ms] [LOG] [Fast Refresh] done in 111ms @ http://localhost:3000/_next/static/chunks/01.s_next_dist_09bvr7k._.js:2431
[ 4887244ms] [LOG] [Fast Refresh] rebuilding @ http://localhost:3000/_next/static/chunks/01.s_next_dist_09bvr7k._.js:2431
[ 4887247ms] [LOG] [Fast Refresh] done in 107ms @ http://localhost:3000/_next/static/chunks/01.s_next_dist_09bvr7k._.js:2431
[ 4888475ms] [LOG] [Fast Refresh] rebuilding @ http://localhost:3000/_next/static/chunks/01.s_next_dist_09bvr7k._.js:2431
[ 4888516ms] [LOG] [Fast Refresh] done in 145ms @ http://localhost:3000/_next/static/chunks/01.s_next_dist_09bvr7k._.js:2431
[ 4888709ms] [LOG] [Fast Refresh] rebuilding @ http://localhost:3000/_next/static/chunks/01.s_next_dist_09bvr7k._.js:2431
[ 4888789ms] [LOG] [Fast Refresh] done in 181ms @ http://localhost:3000/_next/static/chunks/01.s_next_dist_09bvr7k._.js:2431
[ 4889065ms] [LOG] [Fast Refresh] rebuilding @ http://localhost:3000/_next/static/chunks/01.s_next_dist_09bvr7k._.js:2431
[ 4889091ms] [LOG] [Fast Refresh] done in 134ms @ http://localhost:3000/_next/static/chunks/01.s_next_dist_09bvr7k._.js:2431
[ 4889215ms] [LOG] [Fast Refresh] rebuilding @ http://localhost:3000/_next/static/chunks/01.s_next_dist_09bvr7k._.js:2431
[ 4889252ms] [LOG] [Fast Refresh] done in 137ms @ http://localhost:3000/_next/static/chunks/01.s_next_dist_09bvr7k._.js:2431
[ 4890103ms] [LOG] [Fast Refresh] rebuilding @ http://localhost:3000/_next/static/chunks/01.s_next_dist_09bvr7k._.js:2431
[ 4890108ms] [LOG] [Fast Refresh] done in 108ms @ http://localhost:3000/_next/static/chunks/01.s_next_dist_09bvr7k._.js:2431
[ 4931385ms] [LOG] [Fast Refresh] rebuilding @ http://localhost:3000/_next/static/chunks/01.s_next_dist_09bvr7k._.js:2431
[ 4931664ms] [LOG] [Fast Refresh] done in 385ms @ http://localhost:3000/_next/static/chunks/01.s_next_dist_09bvr7k._.js:2431
[ 4931769ms] [LOG] [Fast Refresh] rebuilding @ http://localhost:3000/_next/static/chunks/01.s_next_dist_09bvr7k._.js:2431
[ 4932052ms] [LOG] [Fast Refresh] done in 387ms @ http://localhost:3000/_next/static/chunks/01.s_next_dist_09bvr7k._.js:2431
[ 4932174ms] [LOG] [Fast Refresh] rebuilding @ http://localhost:3000/_next/static/chunks/01.s_next_dist_09bvr7k._.js:2431
[ 4932549ms] [LOG] [Fast Refresh] done in 481ms @ http://localhost:3000/_next/static/chunks/01.s_next_dist_09bvr7k._.js:2431
[ 4932650ms] [LOG] [Fast Refresh] rebuilding @ http://localhost:3000/_next/static/chunks/01.s_next_dist_09bvr7k._.js:2431
[ 4932936ms] [LOG] [Fast Refresh] done in 387ms @ http://localhost:3000/_next/static/chunks/01.s_next_dist_09bvr7k._.js:2431
[ 5035610ms] [LOG] [Fast Refresh] rebuilding @ http://localhost:3000/_next/static/chunks/01.s_next_dist_09bvr7k._.js:2431
[ 5040265ms] [LOG] [Fast Refresh] done in 4758ms @ http://localhost:3000/_next/static/chunks/01.s_next_dist_09bvr7k._.js:2431
[ 5040397ms] [LOG] [Fast Refresh] rebuilding @ http://localhost:3000/_next/static/chunks/01.s_next_dist_09bvr7k._.js:2431
[ 5040763ms] [LOG] [Fast Refresh] done in 469ms @ http://localhost:3000/_next/static/chunks/01.s_next_dist_09bvr7k._.js:2431
[ 5040909ms] [LOG] [Fast Refresh] rebuilding @ http://localhost:3000/_next/static/chunks/01.s_next_dist_09bvr7k._.js:2431
[ 5040975ms] [LOG] [Fast Refresh] done in 173ms @ http://localhost:3000/_next/static/chunks/01.s_next_dist_09bvr7k._.js:2431
[ 5041141ms] [LOG] [Fast Refresh] rebuilding @ http://localhost:3000/_next/static/chunks/01.s_next_dist_09bvr7k._.js:2431
[ 5041157ms] [LOG] [Fast Refresh] done in 120ms @ http://localhost:3000/_next/static/chunks/01.s_next_dist_09bvr7k._.js:2431
[ 5041927ms] [LOG] [Fast Refresh] rebuilding @ http://localhost:3000/_next/static/chunks/01.s_next_dist_09bvr7k._.js:2431
[ 5041964ms] [LOG] [Fast Refresh] done in 145ms @ http://localhost:3000/_next/static/chunks/01.s_next_dist_09bvr7k._.js:2431
[ 5042626ms] [LOG] [Fast Refresh] rebuilding @ http://localhost:3000/_next/static/chunks/01.s_next_dist_09bvr7k._.js:2431
[ 5042641ms] [LOG] [Fast Refresh] done in 117ms @ http://localhost:3000/_next/static/chunks/01.s_next_dist_09bvr7k._.js:2431
[ 5042748ms] [LOG] [Fast Refresh] rebuilding @ http://localhost:3000/_next/static/chunks/01.s_next_dist_09bvr7k._.js:2431
[ 5042769ms] [LOG] [Fast Refresh] done in 122ms @ http://localhost:3000/_next/static/chunks/01.s_next_dist_09bvr7k._.js:2431
[ 5237866ms] [LOG] [Fast Refresh] rebuilding @ http://localhost:3000/_next/static/chunks/01.s_next_dist_09bvr7k._.js:2431
[ 5238333ms] [LOG] [Fast Refresh] done in 574ms @ http://localhost:3000/_next/static/chunks/01.s_next_dist_09bvr7k._.js:2431
[ 5238444ms] [LOG] [Fast Refresh] rebuilding @ http://localhost:3000/_next/static/chunks/01.s_next_dist_09bvr7k._.js:2431
[ 5239078ms] [LOG] [Fast Refresh] done in 738ms @ http://localhost:3000/_next/static/chunks/01.s_next_dist_09bvr7k._.js:2431
[ 5362699ms] [LOG] [Fast Refresh] rebuilding @ http://localhost:3000/_next/static/chunks/01.s_next_dist_09bvr7k._.js:2431
[ 5362714ms] [LOG] [Fast Refresh] done in 126ms @ http://localhost:3000/_next/static/chunks/01.s_next_dist_09bvr7k._.js:2431
[ 5363040ms] [LOG] [Fast Refresh] rebuilding @ http://localhost:3000/_next/static/chunks/01.s_next_dist_09bvr7k._.js:2431
[ 5364235ms] [LOG] [Fast Refresh] done in 1303ms @ http://localhost:3000/_next/static/chunks/01.s_next_dist_09bvr7k._.js:2431
[ 6261969ms] [LOG] [Fast Refresh] rebuilding @ http://localhost:3000/_next/static/chunks/01.s_next_dist_09bvr7k._.js:2431
[ 6262239ms] [LOG] [Fast Refresh] done in 375ms @ http://localhost:3000/_next/static/chunks/01.s_next_dist_09bvr7k._.js:2431
[ 6428026ms] [LOG] [Fast Refresh] rebuilding @ http://localhost:3000/_next/static/chunks/01.s_next_dist_09bvr7k._.js:2431
[ 6428135ms] [LOG] [Fast Refresh] done in 216ms @ http://localhost:3000/_next/static/chunks/01.s_next_dist_09bvr7k._.js:2431
[ 6429129ms] [LOG] [Fast Refresh] rebuilding @ http://localhost:3000/_next/static/chunks/01.s_next_dist_09bvr7k._.js:2431
[ 6429346ms] [LOG] [Fast Refresh] done in 325ms @ http://localhost:3000/_next/static/chunks/01.s_next_dist_09bvr7k._.js:2431
[ 6429471ms] [LOG] [Fast Refresh] rebuilding @ http://localhost:3000/_next/static/chunks/01.s_next_dist_09bvr7k._.js:2431
[ 6429689ms] [LOG] [Fast Refresh] done in 325ms @ http://localhost:3000/_next/static/chunks/01.s_next_dist_09bvr7k._.js:2431
[ 6429860ms] [LOG] [Fast Refresh] rebuilding @ http://localhost:3000/_next/static/chunks/01.s_next_dist_09bvr7k._.js:2431
[ 6429908ms] [LOG] [Fast Refresh] done in 151ms @ http://localhost:3000/_next/static/chunks/01.s_next_dist_09bvr7k._.js:2431
[ 6431037ms] [LOG] [Fast Refresh] rebuilding @ http://localhost:3000/_next/static/chunks/01.s_next_dist_09bvr7k._.js:2431
[ 6431364ms] [LOG] [Fast Refresh] done in 431ms @ http://localhost:3000/_next/static/chunks/01.s_next_dist_09bvr7k._.js:2431
[ 6431489ms] [LOG] [Fast Refresh] rebuilding @ http://localhost:3000/_next/static/chunks/01.s_next_dist_09bvr7k._.js:2431
[ 6431611ms] [LOG] [Fast Refresh] done in 231ms @ http://localhost:3000/_next/static/chunks/01.s_next_dist_09bvr7k._.js:2431
[ 6432655ms] [LOG] [Fast Refresh] rebuilding @ http://localhost:3000/_next/static/chunks/01.s_next_dist_09bvr7k._.js:2431
[ 6432969ms] [LOG] [Fast Refresh] done in 418ms @ http://localhost:3000/_next/static/chunks/01.s_next_dist_09bvr7k._.js:2431
[ 6433070ms] [LOG] [Fast Refresh] rebuilding @ http://localhost:3000/_next/static/chunks/01.s_next_dist_09bvr7k._.js:2431
[ 6433086ms] [LOG] [Fast Refresh] done in 116ms @ http://localhost:3000/_next/static/chunks/01.s_next_dist_09bvr7k._.js:2431
[ 6433194ms] [LOG] [Fast Refresh] rebuilding @ http://localhost:3000/_next/static/chunks/01.s_next_dist_09bvr7k._.js:2431
[ 6433428ms] [LOG] [Fast Refresh] done in 340ms @ http://localhost:3000/_next/static/chunks/01.s_next_dist_09bvr7k._.js:2431
[ 6433583ms] [LOG] [Fast Refresh] rebuilding @ http://localhost:3000/_next/static/chunks/01.s_next_dist_09bvr7k._.js:2431
[ 6433631ms] [LOG] [Fast Refresh] done in 153ms @ http://localhost:3000/_next/static/chunks/01.s_next_dist_09bvr7k._.js:2431
[ 6433739ms] [LOG] [Fast Refresh] rebuilding @ http://localhost:3000/_next/static/chunks/01.s_next_dist_09bvr7k._.js:2431
[ 6433785ms] [LOG] [Fast Refresh] done in 154ms @ http://localhost:3000/_next/static/chunks/01.s_next_dist_09bvr7k._.js:2431
[ 6433956ms] [LOG] [Fast Refresh] rebuilding @ http://localhost:3000/_next/static/chunks/01.s_next_dist_09bvr7k._.js:2431
[ 6433973ms] [LOG] [Fast Refresh] done in 124ms @ http://localhost:3000/_next/static/chunks/01.s_next_dist_09bvr7k._.js:2431
[ 6434234ms] [LOG] [Fast Refresh] rebuilding @ http://localhost:3000/_next/static/chunks/01.s_next_dist_09bvr7k._.js:2431
[ 6434296ms] [LOG] [Fast Refresh] done in 170ms @ http://localhost:3000/_next/static/chunks/01.s_next_dist_09bvr7k._.js:2431
[ 6434404ms] [LOG] [Fast Refresh] rebuilding @ http://localhost:3000/_next/static/chunks/01.s_next_dist_09bvr7k._.js:2431
[ 6434481ms] [LOG] [Fast Refresh] done in 183ms @ http://localhost:3000/_next/static/chunks/01.s_next_dist_09bvr7k._.js:2431
[ 6434589ms] [LOG] [Fast Refresh] rebuilding @ http://localhost:3000/_next/static/chunks/01.s_next_dist_09bvr7k._.js:2431
[ 6434605ms] [LOG] [Fast Refresh] done in 120ms @ http://localhost:3000/_next/static/chunks/01.s_next_dist_09bvr7k._.js:2431
[ 6434979ms] [LOG] [Fast Refresh] rebuilding @ http://localhost:3000/_next/static/chunks/01.s_next_dist_09bvr7k._.js:2431
[ 6435058ms] [LOG] [Fast Refresh] done in 187ms @ http://localhost:3000/_next/static/chunks/01.s_next_dist_09bvr7k._.js:2431
[ 6436279ms] [LOG] [Fast Refresh] rebuilding @ http://localhost:3000/_next/static/chunks/01.s_next_dist_09bvr7k._.js:2431
[ 6436529ms] [LOG] [Fast Refresh] done in 356ms @ http://localhost:3000/_next/static/chunks/01.s_next_dist_09bvr7k._.js:2431
[ 6438394ms] [LOG] [Fast Refresh] rebuilding @ http://localhost:3000/_next/static/chunks/01.s_next_dist_09bvr7k._.js:2431
[ 6438395ms] [LOG] [Fast Refresh] done in 107ms @ http://localhost:3000/_next/static/chunks/01.s_next_dist_09bvr7k._.js:2431
[ 6438505ms] [LOG] [Fast Refresh] rebuilding @ http://localhost:3000/_next/static/chunks/01.s_next_dist_09bvr7k._.js:2431
[ 6438505ms] [LOG] [Fast Refresh] done in 108ms @ http://localhost:3000/_next/static/chunks/01.s_next_dist_09bvr7k._.js:2431
[ 6438613ms] [LOG] [Fast Refresh] rebuilding @ http://localhost:3000/_next/static/chunks/01.s_next_dist_09bvr7k._.js:2431
[ 6438848ms] [LOG] [Fast Refresh] done in 339ms @ http://localhost:3000/_next/static/chunks/01.s_next_dist_09bvr7k._.js:2431
[ 6438955ms] [LOG] [Fast Refresh] rebuilding @ http://localhost:3000/_next/static/chunks/01.s_next_dist_09bvr7k._.js:2431
[ 6439207ms] [LOG] [Fast Refresh] done in 355ms @ http://localhost:3000/_next/static/chunks/01.s_next_dist_09bvr7k._.js:2431
[ 6439314ms] [LOG] [Fast Refresh] rebuilding @ http://localhost:3000/_next/static/chunks/01.s_next_dist_09bvr7k._.js:2431
[ 6439563ms] [LOG] [Fast Refresh] done in 352ms @ http://localhost:3000/_next/static/chunks/01.s_next_dist_09bvr7k._.js:2431
[ 6439671ms] [LOG] [Fast Refresh] rebuilding @ http://localhost:3000/_next/static/chunks/01.s_next_dist_09bvr7k._.js:2431
[ 6439680ms] [LOG] [Fast Refresh] done in 113ms @ http://localhost:3000/_next/static/chunks/01.s_next_dist_09bvr7k._.js:2431
[ 6439795ms] [LOG] [Fast Refresh] rebuilding @ http://localhost:3000/_next/static/chunks/01.s_next_dist_09bvr7k._.js:2431
[ 6439890ms] [LOG] [Fast Refresh] done in 199ms @ http://localhost:3000/_next/static/chunks/01.s_next_dist_09bvr7k._.js:2431
[ 6439998ms] [LOG] [Fast Refresh] rebuilding @ http://localhost:3000/_next/static/chunks/01.s_next_dist_09bvr7k._.js:2431
[ 6440108ms] [LOG] [Fast Refresh] done in 214ms @ http://localhost:3000/_next/static/chunks/01.s_next_dist_09bvr7k._.js:2431
[ 6440216ms] [LOG] [Fast Refresh] rebuilding @ http://localhost:3000/_next/static/chunks/01.s_next_dist_09bvr7k._.js:2431
[ 6440233ms] [LOG] [Fast Refresh] done in 122ms @ http://localhost:3000/_next/static/chunks/01.s_next_dist_09bvr7k._.js:2431
[ 6440342ms] [LOG] [Fast Refresh] rebuilding @ http://localhost:3000/_next/static/chunks/01.s_next_dist_09bvr7k._.js:2431
[ 6440562ms] [LOG] [Fast Refresh] done in 328ms @ http://localhost:3000/_next/static/chunks/01.s_next_dist_09bvr7k._.js:2431
[ 6440669ms] [LOG] [Fast Refresh] rebuilding @ http://localhost:3000/_next/static/chunks/01.s_next_dist_09bvr7k._.js:2431
[ 6440903ms] [LOG] [Fast Refresh] done in 341ms @ http://localhost:3000/_next/static/chunks/01.s_next_dist_09bvr7k._.js:2431
[ 6441012ms] [LOG] [Fast Refresh] rebuilding @ http://localhost:3000/_next/static/chunks/01.s_next_dist_09bvr7k._.js:2431
[ 6441244ms] [LOG] [Fast Refresh] done in 337ms @ http://localhost:3000/_next/static/chunks/01.s_next_dist_09bvr7k._.js:2431
[ 6441367ms] [LOG] [Fast Refresh] rebuilding @ http://localhost:3000/_next/static/chunks/01.s_next_dist_09bvr7k._.js:2431
[ 6441587ms] [LOG] [Fast Refresh] done in 327ms @ http://localhost:3000/_next/static/chunks/01.s_next_dist_09bvr7k._.js:2431
[ 6441696ms] [LOG] [Fast Refresh] rebuilding @ http://localhost:3000/_next/static/chunks/01.s_next_dist_09bvr7k._.js:2431
[ 6441914ms] [LOG] [Fast Refresh] done in 325ms @ http://localhost:3000/_next/static/chunks/01.s_next_dist_09bvr7k._.js:2431
[ 6442021ms] [LOG] [Fast Refresh] rebuilding @ http://localhost:3000/_next/static/chunks/01.s_next_dist_09bvr7k._.js:2431
[ 6442334ms] [LOG] [Fast Refresh] done in 419ms @ http://localhost:3000/_next/static/chunks/01.s_next_dist_09bvr7k._.js:2431
[ 6442441ms] [LOG] [Fast Refresh] rebuilding @ http://localhost:3000/_next/static/chunks/01.s_next_dist_09bvr7k._.js:2431
[ 6442442ms] [LOG] [Fast Refresh] done in 108ms @ http://localhost:3000/_next/static/chunks/01.s_next_dist_09bvr7k._.js:2431
[ 6442550ms] [LOG] [Fast Refresh] rebuilding @ http://localhost:3000/_next/static/chunks/01.s_next_dist_09bvr7k._.js:2431
[ 6442614ms] [LOG] [Fast Refresh] done in 172ms @ http://localhost:3000/_next/static/chunks/01.s_next_dist_09bvr7k._.js:2431
[ 6442722ms] [LOG] [Fast Refresh] rebuilding @ http://localhost:3000/_next/static/chunks/01.s_next_dist_09bvr7k._.js:2431
[ 6442769ms] [LOG] [Fast Refresh] done in 155ms @ http://localhost:3000/_next/static/chunks/01.s_next_dist_09bvr7k._.js:2431
[ 8771148ms] [LOG] [Fast Refresh] rebuilding @ http://localhost:3000/_next/static/chunks/01.s_next_dist_09bvr7k._.js:2431
[ 8773909ms] [LOG] [Fast Refresh] done in 2925ms @ http://localhost:3000/_next/static/chunks/01.s_next_dist_09bvr7k._.js:2431
[12977333ms] [LOG] [Fast Refresh] rebuilding @ http://localhost:3000/_next/static/chunks/01.s_next_dist_09bvr7k._.js:2431
[12977350ms] [LOG] [Fast Refresh] done in 124ms @ http://localhost:3000/_next/static/chunks/01.s_next_dist_09bvr7k._.js:2431
[12996955ms] [LOG] [Fast Refresh] rebuilding @ http://localhost:3000/_next/static/chunks/01.s_next_dist_09bvr7k._.js:2431
[12997021ms] [LOG] [Fast Refresh] done in 172ms @ http://localhost:3000/_next/static/chunks/01.s_next_dist_09bvr7k._.js:2431
[12998141ms] [LOG] [Fast Refresh] rebuilding @ http://localhost:3000/_next/static/chunks/01.s_next_dist_09bvr7k._.js:2431
[12998254ms] [LOG] [Fast Refresh] done in 222ms @ http://localhost:3000/_next/static/chunks/01.s_next_dist_09bvr7k._.js:2431
[13000347ms] [LOG] [Fast Refresh] rebuilding @ http://localhost:3000/_next/static/chunks/01.s_next_dist_09bvr7k._.js:2431
[13000365ms] [LOG] [Fast Refresh] done in 131ms @ http://localhost:3000/_next/static/chunks/01.s_next_dist_09bvr7k._.js:2431
[13000494ms] [LOG] [Fast Refresh] rebuilding @ http://localhost:3000/_next/static/chunks/01.s_next_dist_09bvr7k._.js:2431
[13000722ms] [LOG] [Fast Refresh] done in 340ms @ http://localhost:3000/_next/static/chunks/01.s_next_dist_09bvr7k._.js:2431
[13000827ms] [LOG] [Fast Refresh] rebuilding @ http://localhost:3000/_next/static/chunks/01.s_next_dist_09bvr7k._.js:2431
[13000972ms] [LOG] [Fast Refresh] done in 249ms @ http://localhost:3000/_next/static/chunks/01.s_next_dist_09bvr7k._.js:2431
[13001097ms] [LOG] [Fast Refresh] rebuilding @ http://localhost:3000/_next/static/chunks/01.s_next_dist_09bvr7k._.js:2431
[13001145ms] [LOG] [Fast Refresh] done in 154ms @ http://localhost:3000/_next/static/chunks/01.s_next_dist_09bvr7k._.js:2431
[13001255ms] [LOG] [Fast Refresh] rebuilding @ http://localhost:3000/_next/static/chunks/01.s_next_dist_09bvr7k._.js:2431
[13001260ms] [LOG] [Fast Refresh] done in 110ms @ http://localhost:3000/_next/static/chunks/01.s_next_dist_09bvr7k._.js:2431
[13001366ms] [LOG] [Fast Refresh] rebuilding @ http://localhost:3000/_next/static/chunks/01.s_next_dist_09bvr7k._.js:2431
[13001415ms] [LOG] [Fast Refresh] done in 154ms @ http://localhost:3000/_next/static/chunks/01.s_next_dist_09bvr7k._.js:2431
[13001526ms] [LOG] [Fast Refresh] rebuilding @ http://localhost:3000/_next/static/chunks/01.s_next_dist_09bvr7k._.js:2431
[13001648ms] [LOG] [Fast Refresh] done in 231ms @ http://localhost:3000/_next/static/chunks/01.s_next_dist_09bvr7k._.js:2431
[13001894ms] [LOG] [Fast Refresh] rebuilding @ http://localhost:3000/_next/static/chunks/01.s_next_dist_09bvr7k._.js:2431
[13002056ms] [LOG] [Fast Refresh] done in 273ms @ http://localhost:3000/_next/static/chunks/01.s_next_dist_09bvr7k._.js:2431
[13002212ms] [LOG] [Fast Refresh] rebuilding @ http://localhost:3000/_next/static/chunks/01.s_next_dist_09bvr7k._.js:2431
[13002244ms] [LOG] [Fast Refresh] done in 141ms @ http://localhost:3000/_next/static/chunks/01.s_next_dist_09bvr7k._.js:2431
[13003218ms] [LOG] [Fast Refresh] rebuilding @ http://localhost:3000/_next/static/chunks/01.s_next_dist_09bvr7k._.js:2431
[13003219ms] [LOG] [Fast Refresh] done in 110ms @ http://localhost:3000/_next/static/chunks/01.s_next_dist_09bvr7k._.js:2431
[16076500ms] [LOG] [HMR] connected @ http://localhost:3000/_next/static/chunks/01.s_next_dist_09bvr7k._.js:2431
[16104929ms] [LOG] [Fast Refresh] rebuilding @ http://localhost:3000/_next/static/chunks/01.s_next_dist_09bvr7k._.js:2431
[16104930ms] [LOG] [Fast Refresh] done in 110ms @ http://localhost:3000/_next/static/chunks/01.s_next_dist_09bvr7k._.js:2431
[16179050ms] [LOG] [Fast Refresh] rebuilding @ http://localhost:3000/_next/static/chunks/01.s_next_dist_09bvr7k._.js:2431
[16179051ms] [LOG] [Fast Refresh] done in 107ms @ http://localhost:3000/_next/static/chunks/01.s_next_dist_09bvr7k._.js:2431
[16296453ms] [LOG] [Fast Refresh] rebuilding @ http://localhost:3000/_next/static/chunks/01.s_next_dist_09bvr7k._.js:2431
[16296454ms] [LOG] [Fast Refresh] done in 109ms @ http://localhost:3000/_next/static/chunks/01.s_next_dist_09bvr7k._.js:2431
[23437533ms] [LOG] [HMR] connected @ http://localhost:3000/_next/static/chunks/01.s_next_dist_09bvr7k._.js:2431
[23437667ms] [LOG] [Fast Refresh] rebuilding @ http://localhost:3000/_next/static/chunks/01.s_next_dist_09bvr7k._.js:2431
[23437667ms] [LOG] [Fast Refresh] done in 111ms @ http://localhost:3000/_next/static/chunks/01.s_next_dist_09bvr7k._.js:2431
[23439273ms] [LOG] [Fast Refresh] rebuilding @ http://localhost:3000/_next/static/chunks/01.s_next_dist_09bvr7k._.js:2431
[23439381ms] [LOG] [Fast Refresh] done in 220ms @ http://localhost:3000/_next/static/chunks/01.s_next_dist_09bvr7k._.js:2431
[23446885ms] [LOG] [Fast Refresh] rebuilding @ http://localhost:3000/_next/static/chunks/01.s_next_dist_09bvr7k._.js:2431
[23446966ms] [LOG] [Fast Refresh] done in 182ms @ http://localhost:3000/_next/static/chunks/01.s_next_dist_09bvr7k._.js:2431
[26971747ms] [LOG] [Fast Refresh] rebuilding @ http://localhost:3000/_next/static/chunks/01.s_next_dist_09bvr7k._.js:2431
[26972422ms] [LOG] [Fast Refresh] done in 781ms @ http://localhost:3000/_next/static/chunks/01.s_next_dist_09bvr7k._.js:2431
[26975753ms] [LOG] [Fast Refresh] rebuilding @ http://localhost:3000/_next/static/chunks/01.s_next_dist_09bvr7k._.js:2431
[26975849ms] [LOG] [Fast Refresh] done in 206ms @ http://localhost:3000/_next/static/chunks/01.s_next_dist_09bvr7k._.js:2431
[30773938ms] [ERROR] WebSocket connection to 'ws://localhost:3000/_next/webpack-hmr?id=Rj1Rj7QuGnM0BLt9otsCd' failed: Error in connection establishment: net::ERR_NETWORK_IO_SUSPENDED @ http://localhost:3000/_next/static/chunks/01.s_next_dist_client_0kff.~a._.js:13299
[30774958ms] [LOG] [HMR] connected @ http://localhost:3000/_next/static/chunks/01.s_next_dist_09bvr7k._.js:2431
[38104156ms] [LOG] [HMR] connected @ http://localhost:3000/_next/static/chunks/01.s_next_dist_09bvr7k._.js:2431
[45020970ms] [LOG] [HMR] connected @ http://localhost:3000/_next/static/chunks/01.s_next_dist_09bvr7k._.js:2431
[52221818ms] [LOG] [HMR] connected @ http://localhost:3000/_next/static/chunks/01.s_next_dist_09bvr7k._.js:2431
[52221921ms] [LOG] [Fast Refresh] rebuilding @ http://localhost:3000/_next/static/chunks/01.s_next_dist_09bvr7k._.js:2431
[52221927ms] [LOG] [Fast Refresh] done in 108ms @ http://localhost:3000/_next/static/chunks/01.s_next_dist_09bvr7k._.js:2431
[59430890ms] [LOG] [HMR] connected @ http://localhost:3000/_next/static/chunks/01.s_next_dist_09bvr7k._.js:2431
[64420258ms] [LOG] [HMR] connected @ http://localhost:3000/_next/static/chunks/01.s_next_dist_09bvr7k._.js:2431
[68018800ms] [ERROR] WebSocket connection to 'ws://localhost:3000/_next/webpack-hmr?id=Rj1Rj7QuGnM0BLt9otsCd' failed: Error in connection establishment: net::ERR_CONNECTION_REFUSED @ http://localhost:3000/_next/static/chunks/01.s_next_dist_client_0kff.~a._.js:13299
[68022155ms] [ERROR] WebSocket connection to 'ws://localhost:3000/_next/webpack-hmr?id=Rj1Rj7QuGnM0BLt9otsCd' failed: Error in connection establishment: net::ERR_CONNECTION_REFUSED @ http://localhost:3000/_next/static/chunks/01.s_next_dist_client_0kff.~a._.js:13299
[68025506ms] [ERROR] WebSocket connection to 'ws://localhost:3000/_next/webpack-hmr?id=Rj1Rj7QuGnM0BLt9otsCd' failed: Error in connection establishment: net::ERR_CONNECTION_REFUSED @ http://localhost:3000/_next/static/chunks/01.s_next_dist_client_0kff.~a._.js:13299
[68028860ms] [ERROR] WebSocket connection to 'ws://localhost:3000/_next/webpack-hmr?id=Rj1Rj7QuGnM0BLt9otsCd' failed: Error in connection establishment: net::ERR_CONNECTION_REFUSED @ http://localhost:3000/_next/static/chunks/01.s_next_dist_client_0kff.~a._.js:13299
[68032210ms] [ERROR] WebSocket connection to 'ws://localhost:3000/_next/webpack-hmr?id=Rj1Rj7QuGnM0BLt9otsCd' failed: Error in connection establishment: net::ERR_CONNECTION_REFUSED @ http://localhost:3000/_next/static/chunks/01.s_next_dist_client_0kff.~a._.js:13299
[68039604ms] [ERROR] WebSocket connection to 'ws://localhost:3000/_next/webpack-hmr?id=Rj1Rj7QuGnM0BLt9otsCd' failed: Error in connection establishment: net::ERR_CONNECTION_REFUSED @ http://localhost:3000/_next/static/chunks/01.s_next_dist_client_0kff.~a._.js:13299
[68046955ms] [ERROR] WebSocket connection to 'ws://localhost:3000/_next/webpack-hmr?id=Rj1Rj7QuGnM0BLt9otsCd' failed: Error in connection establishment: net::ERR_CONNECTION_REFUSED @ http://localhost:3000/_next/static/chunks/01.s_next_dist_client_0kff.~a._.js:13299
[68054333ms] [ERROR] WebSocket connection to 'ws://localhost:3000/_next/webpack-hmr?id=Rj1Rj7QuGnM0BLt9otsCd' failed: Error in connection establishment: net::ERR_CONNECTION_REFUSED @ http://localhost:3000/_next/static/chunks/01.s_next_dist_client_0kff.~a._.js:13299
[68061717ms] [ERROR] WebSocket connection to 'ws://localhost:3000/_next/webpack-hmr?id=Rj1Rj7QuGnM0BLt9otsCd' failed: Error in connection establishment: net::ERR_CONNECTION_REFUSED @ http://localhost:3000/_next/static/chunks/01.s_next_dist_client_0kff.~a._.js:13299
[68069121ms] [ERROR] WebSocket connection to 'ws://localhost:3000/_next/webpack-hmr?id=Rj1Rj7QuGnM0BLt9otsCd' failed: Error in connection establishment: net::ERR_CONNECTION_REFUSED @ http://localhost:3000/_next/static/chunks/01.s_next_dist_client_0kff.~a._.js:13299
[68076512ms] [ERROR] WebSocket connection to 'ws://localhost:3000/_next/webpack-hmr?id=Rj1Rj7QuGnM0BLt9otsCd' failed: Error in connection establishment: net::ERR_CONNECTION_REFUSED @ http://localhost:3000/_next/static/chunks/01.s_next_dist_client_0kff.~a._.js:13299
[68083998ms] [ERROR] WebSocket connection to 'ws://localhost:3000/_next/webpack-hmr?id=Rj1Rj7QuGnM0BLt9otsCd' failed: Error in connection establishment: net::ERR_CONNECTION_REFUSED @ http://localhost:3000/_next/static/chunks/01.s_next_dist_client_0kff.~a._.js:13299
